Archive member included to satisfy reference by file (symbol)

C:/Users/15136/STM32Cube/STM32CubeIDE_1.14.1/STM32CubeIDE/plugins/com.st.stm32cube.ide.mcu.externaltools.gnu-tools-for-stm32.11.3.rel1.win32_1.1.100.202309141235/tools/bin/../lib/gcc/arm-none-eabi/11.3.1/../../../../arm-none-eabi/lib/thumb/v7e-m+dp/hard\libc_nano.a(libc_a-exit.o)
                              C:/Users/15136/STM32Cube/STM32CubeIDE_1.14.1/STM32CubeIDE/plugins/com.st.stm32cube.ide.mcu.externaltools.gnu-tools-for-stm32.11.3.rel1.win32_1.1.100.202309141235/tools/bin/../lib/gcc/arm-none-eabi/11.3.1/../../../../arm-none-eabi/lib/thumb/v7e-m+dp/hard/crt0.o (exit)
C:/Users/15136/STM32Cube/STM32CubeIDE_1.14.1/STM32CubeIDE/plugins/com.st.stm32cube.ide.mcu.externaltools.gnu-tools-for-stm32.11.3.rel1.win32_1.1.100.202309141235/tools/bin/../lib/gcc/arm-none-eabi/11.3.1/../../../../arm-none-eabi/lib/thumb/v7e-m+dp/hard\libc_nano.a(libc_a-findfp.o)
                              C:/Users/15136/STM32Cube/STM32CubeIDE_1.14.1/STM32CubeIDE/plugins/com.st.stm32cube.ide.mcu.externaltools.gnu-tools-for-stm32.11.3.rel1.win32_1.1.100.202309141235/tools/bin/../lib/gcc/arm-none-eabi/11.3.1/../../../../arm-none-eabi/lib/thumb/v7e-m+dp/hard\libc_nano.a(libc_a-exit.o) (__stdio_exit_handler)
C:/Users/15136/STM32Cube/STM32CubeIDE_1.14.1/STM32CubeIDE/plugins/com.st.stm32cube.ide.mcu.externaltools.gnu-tools-for-stm32.11.3.rel1.win32_1.1.100.202309141235/tools/bin/../lib/gcc/arm-none-eabi/11.3.1/../../../../arm-none-eabi/lib/thumb/v7e-m+dp/hard\libc_nano.a(libc_a-fwalk.o)
                              C:/Users/15136/STM32Cube/STM32CubeIDE_1.14.1/STM32CubeIDE/plugins/com.st.stm32cube.ide.mcu.externaltools.gnu-tools-for-stm32.11.3.rel1.win32_1.1.100.202309141235/tools/bin/../lib/gcc/arm-none-eabi/11.3.1/../../../../arm-none-eabi/lib/thumb/v7e-m+dp/hard\libc_nano.a(libc_a-findfp.o) (_fwalk_sglue)
C:/Users/15136/STM32Cube/STM32CubeIDE_1.14.1/STM32CubeIDE/plugins/com.st.stm32cube.ide.mcu.externaltools.gnu-tools-for-stm32.11.3.rel1.win32_1.1.100.202309141235/tools/bin/../lib/gcc/arm-none-eabi/11.3.1/../../../../arm-none-eabi/lib/thumb/v7e-m+dp/hard\libc_nano.a(libc_a-stdio.o)
                              C:/Users/15136/STM32Cube/STM32CubeIDE_1.14.1/STM32CubeIDE/plugins/com.st.stm32cube.ide.mcu.externaltools.gnu-tools-for-stm32.11.3.rel1.win32_1.1.100.202309141235/tools/bin/../lib/gcc/arm-none-eabi/11.3.1/../../../../arm-none-eabi/lib/thumb/v7e-m+dp/hard\libc_nano.a(libc_a-findfp.o) (__sread)
C:/Users/15136/STM32Cube/STM32CubeIDE_1.14.1/STM32CubeIDE/plugins/com.st.stm32cube.ide.mcu.externaltools.gnu-tools-for-stm32.11.3.rel1.win32_1.1.100.202309141235/tools/bin/../lib/gcc/arm-none-eabi/11.3.1/../../../../arm-none-eabi/lib/thumb/v7e-m+dp/hard\libc_nano.a(libc_a-memset.o)
                              C:/Users/15136/STM32Cube/STM32CubeIDE_1.14.1/STM32CubeIDE/plugins/com.st.stm32cube.ide.mcu.externaltools.gnu-tools-for-stm32.11.3.rel1.win32_1.1.100.202309141235/tools/bin/../lib/gcc/arm-none-eabi/11.3.1/../../../../arm-none-eabi/lib/thumb/v7e-m+dp/hard/crt0.o (memset)
C:/Users/15136/STM32Cube/STM32CubeIDE_1.14.1/STM32CubeIDE/plugins/com.st.stm32cube.ide.mcu.externaltools.gnu-tools-for-stm32.11.3.rel1.win32_1.1.100.202309141235/tools/bin/../lib/gcc/arm-none-eabi/11.3.1/../../../../arm-none-eabi/lib/thumb/v7e-m+dp/hard\libc_nano.a(libc_a-closer.o)
                              C:/Users/15136/STM32Cube/STM32CubeIDE_1.14.1/STM32CubeIDE/plugins/com.st.stm32cube.ide.mcu.externaltools.gnu-tools-for-stm32.11.3.rel1.win32_1.1.100.202309141235/tools/bin/../lib/gcc/arm-none-eabi/11.3.1/../../../../arm-none-eabi/lib/thumb/v7e-m+dp/hard\libc_nano.a(libc_a-stdio.o) (_close_r)
C:/Users/15136/STM32Cube/STM32CubeIDE_1.14.1/STM32CubeIDE/plugins/com.st.stm32cube.ide.mcu.externaltools.gnu-tools-for-stm32.11.3.rel1.win32_1.1.100.202309141235/tools/bin/../lib/gcc/arm-none-eabi/11.3.1/../../../../arm-none-eabi/lib/thumb/v7e-m+dp/hard\libc_nano.a(libc_a-reent.o)
                              C:/Users/15136/STM32Cube/STM32CubeIDE_1.14.1/STM32CubeIDE/plugins/com.st.stm32cube.ide.mcu.externaltools.gnu-tools-for-stm32.11.3.rel1.win32_1.1.100.202309141235/tools/bin/../lib/gcc/arm-none-eabi/11.3.1/../../../../arm-none-eabi/lib/thumb/v7e-m+dp/hard\libc_nano.a(libc_a-closer.o) (errno)
C:/Users/15136/STM32Cube/STM32CubeIDE_1.14.1/STM32CubeIDE/plugins/com.st.stm32cube.ide.mcu.externaltools.gnu-tools-for-stm32.11.3.rel1.win32_1.1.100.202309141235/tools/bin/../lib/gcc/arm-none-eabi/11.3.1/../../../../arm-none-eabi/lib/thumb/v7e-m+dp/hard\libc_nano.a(libc_a-impure.o)
                              C:/Users/15136/STM32Cube/STM32CubeIDE_1.14.1/STM32CubeIDE/plugins/com.st.stm32cube.ide.mcu.externaltools.gnu-tools-for-stm32.11.3.rel1.win32_1.1.100.202309141235/tools/bin/../lib/gcc/arm-none-eabi/11.3.1/../../../../arm-none-eabi/lib/thumb/v7e-m+dp/hard\libc_nano.a(libc_a-reent.o) (_impure_ptr)
[...]
Memory Configuration

Name             Origin             Length             Attributes
FLASH            0x0000000008000000 0x0000000000200000 xr
DTCMRAM          0x0000000020000000 0x0000000000020000 xrw
RAM_D1           0x0000000024000000 0x0000000000080000 xrw
RAM_D2           0x0000000030000000 0x0000000000048000 xrw
RAM_D3           0x0000000038000000 0x0000000000010000 xrw
ITCMRAM          0x0000000000000000 0x0000000000010000 xrw
*default*        0x0000000000000000 0xffffffffffffffff

Linker script and memory map

LOAD C:/Users/15136/STM32Cube/STM32CubeIDE_1.14.1/STM32CubeIDE/plugins/com.st.stm32cube.ide.mcu.externaltools.gnu-tools-for-stm32.11.3.rel1.win32_1.1.100.202309141235/tools/bin/../lib/gcc/arm-none-eabi/11.3.1/thumb/v7e-m+dp/hard/crti.o
LOAD C:/Users/15136/STM32Cube/STM32CubeIDE_1.14.1/STM32CubeIDE/plugins/com.st.stm32cube.ide.mcu.externaltools.gnu-tools-for-stm32.11.3.rel1.win32_1.1.100.202309141235/tools/bin/../lib/gcc/arm-none-eabi/11.3.1/thumb/v7e-m+dp/hard/crtbegin.o
LOAD C:/Users/15136/STM32Cube/STM32CubeIDE_1.14.1/STM32CubeIDE/plugins/com.st.stm32cube.ide.mcu.externaltools.gnu-tools-for-stm32.11.3.rel1.win32_1.1.100.202309141235/tools/bin/../lib/gcc/arm-none-eabi/11.3.1/../../../../arm-none-eabi/lib/thumb/v7e-m+dp/hard/crt0.o
LOAD ./Core/Src/adc.o
LOAD ./Core/Src/gpio.o
LOAD ./Core/Src/main.o
LOAD ./Core/Src/stepmotor_def.o
LOAD ./Core/Src/stm32h7xx_hal_msp.o
LOAD ./Core/Src/stm32h7xx_it.o
LOAD ./Core/Src/syscalls.o
LOAD ./Core/Src/sysmem.o
LOAD ./Core/Src/system_stm32h7xx.o
LOAD ./Core/Src/tim.o
LOAD ./Core/Startup/startup_stm32h743zitx.o
LOAD ./Drivers/STM32H7xx_HAL_Driver/Src/stm32h7xx_hal.o
LOAD ./Drivers/STM32H7xx_HAL_Driver/Src/stm32h7xx_hal_adc.o
LOAD ./Drivers/STM32H7xx_HAL_Driver/Src/stm32h7xx_hal_adc_ex.o
LOAD ./Drivers/STM32H7xx_HAL_Driver/Src/stm32h7xx_hal_cortex.o
LOAD ./Drivers/STM32H7xx_HAL_Driver/Src/stm32h7xx_hal_dma.o
LOAD ./Drivers/STM32H7xx_HAL_Driver/Src/stm32h7xx_hal_dma_ex.o
LOAD ./Drivers/STM32H7xx_HAL_Driver/Src/stm32h7xx_hal_exti.o
LOAD ./Drivers/STM32H7xx_HAL_Driver/Src/stm32h7xx_hal_flash.o
LOAD ./Drivers/STM32H7xx_HAL_Driver/Src/stm32h7xx_hal_flash_ex.o
LOAD ./Drivers/STM32H7xx_HAL_Driver/Src/stm32h7xx_hal_gpio.o
LOAD ./Drivers/STM32H7xx_HAL_Driver/Src/stm32h7xx_hal_hsem.o
LOAD ./Drivers/STM32H7xx_HAL_Driver/Src/stm32h7xx_hal_i2c.o
LOAD ./Drivers/STM32H7xx_HAL_Driver/Src/stm32h7xx_hal_i2c_ex.o
LOAD ./Drivers/STM32H7xx_HAL_Driver/Src/stm32h7xx_hal_mdma.o
LOAD ./Drivers/STM32H7xx_HAL_Driver/Src/stm32h7xx_hal_pwr.o
LOAD ./Drivers/STM32H7xx_HAL_Driver/Src/stm32h7xx_hal_pwr_ex.o
LOAD ./Drivers/STM32H7xx_HAL_Driver/Src/stm32h7xx_hal_rcc.o
LOAD ./Drivers/STM32H7xx_HAL_Driver/Src/stm32h7xx_hal_rcc_ex.o
LOAD ./Drivers/STM32H7xx_HAL_Driver/Src/stm32h7xx_hal_tim.o
LOAD ./Drivers/STM32H7xx_HAL_Driver/Src/stm32h7xx_hal_tim_ex.o
START GROUP
LOAD C:/Users/15136/STM32Cube/STM32CubeIDE_1.14.1/STM32CubeIDE/plugins/com.st.stm32cube.ide.mcu.externaltools.gnu-tools-for-stm32.11.3.rel1.win32_1.1.100.202309141235/tools/bin/../lib/gcc/arm-none-eabi/11.3.1/../../../../arm-none-eabi/lib/thumb/v7e-m+dp/hard\libc_nano.a
LOAD C:/Users/15136/STM32Cube/STM32CubeIDE_1.14.1/STM32CubeIDE/plugins/com.st.stm32cube.ide.mcu.externaltools.gnu-tools-for-stm32.11.3.rel1.win32_1.1.100.202309141235/tools/bin/../lib/gcc/arm-none-eabi/11.3.1/../../../../arm-none-eabi/lib/thumb/v7e-m+dp/hard\libm.a
END GROUP
START GROUP
LOAD C:/Users/15136/STM32Cube/STM32CubeIDE_1.14.1/STM32CubeIDE/plugins/com.st.stm32cube.ide.mcu.externaltools.gnu-tools-for-stm32.11.3.rel1.win32_1.1.100.202309141235/tools/bin/../lib/gcc/arm-none-eabi/11.3.1/thumb/v7e-m+dp/hard\libgcc.a
LOAD C:/Users/15136/STM32Cube/STM32CubeIDE_1.14.1/STM32CubeIDE/plugins/com.st.stm32cube.ide.mcu.externaltools.gnu-tools-for-stm32.11.3.rel1.win32_1.1.100.202309141235/tools/bin/../lib/gcc/arm-none-eabi/11.3.1/../../../../arm-none-eabi/lib/thumb/v7e-m+dp/hard\libc_nano.a
END GROUP
START GROUP
LOAD C:/Users/15136/STM32Cube/STM32CubeIDE_1.14.1/STM32CubeIDE/plugins/com.st.stm32cube.ide.mcu.externaltools.gnu-tools-for-stm32.11.3.rel1.win32_1.1.100.202309141235/tools/bin/../lib/gcc/arm-none-eabi/11.3.1/thumb/v7e-m+dp/hard\libgcc.a
LOAD C:/Users/15136/STM32Cube/STM32CubeIDE_1.14.1/STM32CubeIDE/plugins/com.st.stm32cube.ide.mcu.externaltools.gnu-tools-for-stm32.11.3.rel1.win32_1.1.100.202309141235/tools/bin/../lib/gcc/arm-none-eabi/11.3.1/../../../../arm-none-eabi/lib/thumb/v7e-m+dp/hard\libc_nano.a
LOAD C:/Users/15136/STM32Cube/STM32CubeIDE_1.14.1/STM32CubeIDE/plugins/com.st.stm32cube.ide.mcu.externaltools.gnu-tools-for-stm32.11.3.rel1.win32_1.1.100.202309141235/tools/bin/../lib/gcc/arm-none-eabi/11.3.1/../../../../arm-none-eabi/lib/thumb/v7e-m+dp/hard\libnosys.a
END GROUP
START GROUP
LOAD C:/Users/15136/STM32Cube/STM32CubeIDE_1.14.1/STM32CubeIDE/plugins/com.st.stm32cube.ide.mcu.externaltools.gnu-tools-for-stm32.11.3.rel1.win32_1.1.100.202309141235/tools/bin/../lib/gcc/arm-none-eabi/11.3.1/thumb/v7e-m+dp/hard\libgcc.a
LOAD C:/Users/15136/STM32Cube/STM32CubeIDE_1.14.1/STM32CubeIDE/plugins/com.st.stm32cube.ide.mcu.externaltools.gnu-tools-for-stm32.11.3.rel1.win32_1.1.100.202309141235/tools/bin/../lib/gcc/arm-none-eabi/11.3.1/../../../../arm-none-eabi/lib/thumb/v7e-m+dp/hard\libc_nano.a
LOAD C:/Users/15136/STM32Cube/STM32CubeIDE_1.14.1/STM32CubeIDE/plugins/com.st.stm32cube.ide.mcu.externaltools.gnu-tools-for-stm32.11.3.rel1.win32_1.1.100.202309141235/tools/bin/../lib/gcc/arm-none-eabi/11.3.1/../../../../arm-none-eabi/lib/thumb/v7e-m+dp/hard\libnosys.a
END GROUP
LOAD C:/Users/15136/STM32Cube/STM32CubeIDE_1.14.1/STM32CubeIDE/plugins/com.st.stm32cube.ide.mcu.externaltools.gnu-tools-for-stm32.11.3.rel1.win32_1.1.100.202309141235/tools/bin/../lib/gcc/arm-none-eabi/11.3.1/thumb/v7e-m+dp/hard/crtend.o
LOAD C:/Users/15136/STM32Cube/STM32CubeIDE_1.14.1/STM32CubeIDE/plugins/com.st.stm32cube.ide.mcu.externaltools.gnu-tools-for-stm32.11.3.rel1.win32_1.1.100.202309141235/tools/bin/../lib/gcc/arm-none-eabi/11.3.1/thumb/v7e-m+dp/hard/crtn.o
                0x0000000024080000                _estack = (ORIGIN (RAM_D1) + LENGTH (RAM_D1))
                0x0000000000000200                _Min_Heap_Size = 0x200
                0x0000000000000400                _Min_Stack_Size = 0x400

.isr_vector     0x0000000008000000      0x298
                0x0000000008000000                . = ALIGN (0x4)
 *(.isr_vector)
 .isr_vector    0x0000000008000000      0x298 ./Core/Startup/startup_stm32h743zitx.o
                0x0000000008000000                g_pfnVectors
                0x0000000008000298                . = ALIGN (0x4)

.text           0x0000000008000298     0x8f68
                0x0000000008000298                . = ALIGN (0x4)
 *(.text)
 .text          0x0000000008000298       0x40 C:/Users/15136/STM32Cube/STM32CubeIDE_1.14.1/STM32CubeIDE/plugins/com.st.stm32cube.ide.mcu.externaltools.gnu-tools-for-stm32.11.3.rel1.win32_1.1.100.202309141235/tools/bin/../lib/gcc/arm-none-eabi/11.3.1/thumb/v7e-m+dp/hard/crtbegin.o
 *(.text*)
 .text.MX_ADC1_Init
                0x00000000080002d8       0xf4 ./Core/Src/adc.o
                0x00000000080002d8                MX_ADC1_Init
 .text.HAL_ADC_MspInit
                0x00000000080003cc       0xe8 ./Core/Src/adc.o
                0x00000000080003cc                HAL_ADC_MspInit
 .text.MX_GPIO_Init
                0x00000000080004b4      0x234 ./Core/Src/gpio.o
                0x00000000080004b4                MX_GPIO_Init
 .text.HAL_TIM_PWM_PulseFinishedCallback
                0x00000000080006e8      0x1b0 ./Core/Src/main.o
                0x00000000080006e8                HAL_TIM_PWM_PulseFinishedCallback
 .text.HAL_GPIO_EXTI_Callback
                0x0000000008000898       0xb8 ./Core/Src/main.o
                0x0000000008000898                HAL_GPIO_EXTI_Callback
 .text.main     0x0000000008000950      0x14c ./Core/Src/main.o
                0x0000000008000950                main
 .text.SystemClock_Config
                0x0000000008000a9c       0xe4 ./Core/Src/main.o
                0x0000000008000a9c                SystemClock_Config
 .text.Error_Handler
                0x0000000008000b80        0xa ./Core/Src/main.o
                0x0000000008000b80                Error_Handler
 *fill*         0x0000000008000b8a        0x6 
 .text.cnt_array_init
                0x0000000008000b90       0xf4 ./Core/Src/stepmotor_def.o
                0x0000000008000b90                cnt_array_init
 .text.step_move
                0x0000000008000c84       0x9c ./Core/Src/stepmotor_def.o
                0x0000000008000c84                step_move
 .text.xstep_circle_handler
                0x0000000008000d20       0x48 ./Core/Src/stepmotor_def.o
                0x0000000008000d20                xstep_circle_handler
 .text.ystep_circle_handler
                0x0000000008000d68       0x48 ./Core/Src/stepmotor_def.o
                0x0000000008000d68                ystep_circle_handler
 .text.xstep_move_handler
                0x0000000008000db0       0xb4 ./Core/Src/stepmotor_def.o
                0x0000000008000db0                xstep_move_handler
 .text.ystep_move_handler
                0x0000000008000e64       0xa8 ./Core/Src/stepmotor_def.o
                0x0000000008000e64                ystep_move_handler
 .text.calibrate_xymotor
                0x0000000008000f0c       0xf4 ./Core/Src/stepmotor_def.o
                0x0000000008000f0c                calibrate_xymotor
 .text.calibrate_pen
                0x0000000008001000       0xc8 ./Core/Src/stepmotor_def.o
                0x0000000008001000                calibrate_pen
 .text.pen_down
                0x00000000080010c8       0x3c ./Core/Src/stepmotor_def.o
                0x00000000080010c8                pen_down
 .text.pen_up   0x0000000008001104       0x3c ./Core/Src/stepmotor_def.o
                0x0000000008001104                pen_up
 .text.line_move
                0x0000000008001140      0x1c0 ./Core/Src/stepmotor_def.o
                0x0000000008001140                line_move
 .text.enable_timx_stop_timy
                0x0000000008001300       0x30 ./Core/Src/stepmotor_def.o
 .text.enable_timy_stop_timx
                0x0000000008001330       0x30 ./Core/Src/stepmotor_def.o
 .text.circle_move_method2
                0x0000000008001360      0x2e0 ./Core/Src/stepmotor_def.o
                0x0000000008001360                circle_move_method2
 .text.circle_handler_method2
                0x0000000008001640      0x25c ./Core/Src/stepmotor_def.o
                0x0000000008001640                circle_handler_method2
 *fill*         0x000000000800189c        0x4 
 .text.line_move_method2
                0x00000000080018a0      0x1cc ./Core/Src/stepmotor_def.o
                0x00000000080018a0                line_move_method2
 .text.HAL_MspInit
                0x0000000008001a6c       0x34 ./Core/Src/stm32h7xx_hal_msp.o
                0x0000000008001a6c                HAL_MspInit
 .text.NMI_Handler
                0x0000000008001aa0        0x6 ./Core/Src/stm32h7xx_it.o
                0x0000000008001aa0                NMI_Handler
 .text.HardFault_Handler
                0x0000000008001aa6        0x6 ./Core/Src/stm32h7xx_it.o
                0x0000000008001aa6                HardFault_Handler
 .text.MemManage_Handler
                0x0000000008001aac        0x6 ./Core/Src/stm32h7xx_it.o
                0x0000000008001aac                MemManage_Handler
 .text.BusFault_Handler
                0x0000000008001ab2        0x6 ./Core/Src/stm32h7xx_it.o
                0x0000000008001ab2                BusFault_Handler
 .text.UsageFault_Handler
                0x0000000008001ab8        0x6 ./Core/Src/stm32h7xx_it.o
                0x0000000008001ab8                UsageFault_Handler
 .text.SVC_Handler
                0x0000000008001abe        0xe ./Core/Src/stm32h7xx_it.o
                0x0000000008001abe                SVC_Handler
 .text.DebugMon_Handler
                0x0000000008001acc        0xe ./Core/Src/stm32h7xx_it.o
                0x0000000008001acc                DebugMon_Handler
 .text.PendSV_Handler
                0x0000000008001ada        0xe ./Core/Src/stm32h7xx_it.o
                0x0000000008001ada                PendSV_Handler
 .text.SysTick_Handler
                0x0000000008001ae8        0xc ./Core/Src/stm32h7xx_it.o
                0x0000000008001ae8                SysTick_Handler
 .text.EXTI3_IRQHandler
                0x0000000008001af4        0xe ./Core/Src/stm32h7xx_it.o
                0x0000000008001af4                EXTI3_IRQHandler
 *fill*         0x0000000008001b02        0x2 
 .text.TIM2_IRQHandler
                0x0000000008001b04       0x14 ./Core/Src/stm32h7xx_it.o
                0x0000000008001b04                TIM2_IRQHandler
 .text.TIM3_IRQHandler
                0x0000000008001b18       0x14 ./Core/Src/stm32h7xx_it.o
                0x0000000008001b18                TIM3_IRQHandler
 .text.TIM4_IRQHandler
                0x0000000008001b2c       0x14 ./Core/Src/stm32h7xx_it.o
                0x0000000008001b2c                TIM4_IRQHandler
 .text.EXTI15_10_IRQHandler
                0x0000000008001b40       0x20 ./Core/Src/stm32h7xx_it.o
                0x0000000008001b40                EXTI15_10_IRQHandler
 .text.SystemInit
                0x0000000008001b60      0x110 ./Core/Src/system_stm32h7xx.o
                0x0000000008001b60                SystemInit
 .text.MX_TIM2_Init
                0x0000000008001c70       0xec ./Core/Src/tim.o
                0x0000000008001c70                MX_TIM2_Init
 .text.MX_TIM3_Init
                0x0000000008001d5c       0xec ./Core/Src/tim.o
                0x0000000008001d5c                MX_TIM3_Init
 .text.MX_TIM4_Init
                0x0000000008001e48       0xec ./Core/Src/tim.o
                0x0000000008001e48                MX_TIM4_Init
 .text.HAL_TIM_Base_MspInit
                0x0000000008001f34       0xc8 ./Core/Src/tim.o
                0x0000000008001f34                HAL_TIM_Base_MspInit
 .text.HAL_TIM_MspPostInit
                0x0000000008001ffc      0x118 ./Core/Src/tim.o
                0x0000000008001ffc                HAL_TIM_MspPostInit
 .text.Reset_Handler
                0x0000000008002114       0x50 ./Core/Startup/startup_stm32h743zitx.o
                0x0000000008002114                Reset_Handler
 .text.Default_Handler
                0x0000000008002164        0x2 ./Core/Startup/startup_stm32h743zitx.o
                0x0000000008002164                RTC_Alarm_IRQHandler
                0x0000000008002164                EXTI2_IRQHandler
                0x0000000008002164                TIM8_CC_IRQHandler
                0x0000000008002164                HRTIM1_Master_IRQHandler
                0x0000000008002164                UART8_IRQHandler
                0x0000000008002164                SPI4_IRQHandler
                0x0000000008002164                TIM1_CC_IRQHandler
                0x0000000008002164                BDMA_Channel6_IRQHandler
                0x0000000008002164                DMA2_Stream5_IRQHandler
                0x0000000008002164                HRTIM1_FLT_IRQHandler
                0x0000000008002164                JPEG_IRQHandler
                0x0000000008002164                DMA1_Stream5_IRQHandler
                0x0000000008002164                BDMA_Channel1_IRQHandler
                0x0000000008002164                HRTIM1_TIMD_IRQHandler
                0x0000000008002164                TAMP_STAMP_IRQHandler
                0x0000000008002164                LPTIM4_IRQHandler
                0x0000000008002164                TIM8_TRG_COM_TIM14_IRQHandler
                0x0000000008002164                LPTIM2_IRQHandler
                0x0000000008002164                DFSDM1_FLT1_IRQHandler
                0x0000000008002164                DMAMUX2_OVR_IRQHandler
                0x0000000008002164                TIM8_UP_TIM13_IRQHandler
                0x0000000008002164                I2C3_ER_IRQHandler
                0x0000000008002164                DFSDM1_FLT2_IRQHandler
                0x0000000008002164                MDMA_IRQHandler
                0x0000000008002164                LPTIM3_IRQHandler
                0x0000000008002164                HSEM1_IRQHandler
                0x0000000008002164                EXTI0_IRQHandler
                0x0000000008002164                I2C2_EV_IRQHandler
                0x0000000008002164                DMA1_Stream2_IRQHandler
                0x0000000008002164                FPU_IRQHandler
                0x0000000008002164                OTG_HS_WKUP_IRQHandler
                0x0000000008002164                FDCAN1_IT1_IRQHandler
                0x0000000008002164                LTDC_ER_IRQHandler
                0x0000000008002164                DMA2_Stream2_IRQHandler
                0x0000000008002164                HRTIM1_TIME_IRQHandler
                0x0000000008002164                SPI1_IRQHandler
                0x0000000008002164                TIM6_DAC_IRQHandler
                0x0000000008002164                DCMI_IRQHandler
                0x0000000008002164                HRTIM1_TIMC_IRQHandler
                0x0000000008002164                DMA2_Stream3_IRQHandler
                0x0000000008002164                SAI2_IRQHandler
                0x0000000008002164                DFSDM1_FLT3_IRQHandler
                0x0000000008002164                USART6_IRQHandler
                0x0000000008002164                TIM17_IRQHandler
                0x0000000008002164                USART3_IRQHandler
                0x0000000008002164                BDMA_Channel7_IRQHandler
                0x0000000008002164                LPTIM5_IRQHandler
                0x0000000008002164                UART5_IRQHandler
                0x0000000008002164                ADC3_IRQHandler
                0x0000000008002164                DMA2_Stream0_IRQHandler
                0x0000000008002164                BDMA_Channel2_IRQHandler
                0x0000000008002164                QUADSPI_IRQHandler
                0x0000000008002164                I2C1_EV_IRQHandler
                0x0000000008002164                DMA1_Stream6_IRQHandler
                0x0000000008002164                DMAMUX1_OVR_IRQHandler
                0x0000000008002164                DMA1_Stream1_IRQHandler
                0x0000000008002164                TIM16_IRQHandler
                0x0000000008002164                UART4_IRQHandler
                0x0000000008002164                BDMA_Channel5_IRQHandler
                0x0000000008002164                RCC_IRQHandler
                0x0000000008002164                TIM8_BRK_TIM12_IRQHandler
                0x0000000008002164                TIM1_TRG_COM_IRQHandler
                0x0000000008002164                Default_Handler
                0x0000000008002164                ECC_IRQHandler
                0x0000000008002164                CEC_IRQHandler
                0x0000000008002164                BDMA_Channel0_IRQHandler
                0x0000000008002164                ADC_IRQHandler
                0x0000000008002164                DMA1_Stream7_IRQHandler
                0x0000000008002164                HRTIM1_TIMA_IRQHandler
                0x0000000008002164                SPI5_IRQHandler
                0x0000000008002164                TIM7_IRQHandler
                0x0000000008002164                SDMMC1_IRQHandler
                0x0000000008002164                TIM5_IRQHandler
                0x0000000008002164                DMA2_Stream7_IRQHandler
                0x0000000008002164                TIM15_IRQHandler
                0x0000000008002164                PVD_AVD_IRQHandler
                0x0000000008002164                I2C3_EV_IRQHandler
                0x0000000008002164                EXTI9_5_IRQHandler
                0x0000000008002164                RTC_WKUP_IRQHandler
                0x0000000008002164                LTDC_IRQHandler
                0x0000000008002164                SAI3_IRQHandler
                0x0000000008002164                ETH_WKUP_IRQHandler
                0x0000000008002164                SPDIF_RX_IRQHandler
                0x0000000008002164                SPI2_IRQHandler
                0x0000000008002164                OTG_HS_EP1_IN_IRQHandler
                0x0000000008002164                DMA1_Stream0_IRQHandler
                0x0000000008002164                CRS_IRQHandler
                0x0000000008002164                EXTI4_IRQHandler
                0x0000000008002164                RNG_IRQHandler
                0x0000000008002164                HRTIM1_TIMB_IRQHandler
                0x0000000008002164                FDCAN2_IT1_IRQHandler
                0x0000000008002164                ETH_IRQHandler
                0x0000000008002164                TIM1_UP_IRQHandler
                0x0000000008002164                BDMA_Channel4_IRQHandler
                0x0000000008002164                OTG_HS_EP1_OUT_IRQHandler
                0x0000000008002164                WWDG_IRQHandler
                0x0000000008002164                SPI6_IRQHandler
                0x0000000008002164                MDIOS_IRQHandler
                0x0000000008002164                I2C4_EV_IRQHandler
                0x0000000008002164                FDCAN2_IT0_IRQHandler
                0x0000000008002164                LPUART1_IRQHandler
                0x0000000008002164                FDCAN1_IT0_IRQHandler
                0x0000000008002164                OTG_FS_WKUP_IRQHandler
                0x0000000008002164                OTG_HS_IRQHandler
                0x0000000008002164                DMA2D_IRQHandler
                0x0000000008002164                TIM1_BRK_IRQHandler
                0x0000000008002164                EXTI1_IRQHandler
                0x0000000008002164                SDMMC2_IRQHandler
                0x0000000008002164                OTG_FS_EP1_OUT_IRQHandler
                0x0000000008002164                BDMA_Channel3_IRQHandler
                0x0000000008002164                UART7_IRQHandler
                0x0000000008002164                MDIOS_WKUP_IRQHandler
                0x0000000008002164                USART2_IRQHandler
                0x0000000008002164                DFSDM1_FLT0_IRQHandler
                0x0000000008002164                SAI4_IRQHandler
                0x0000000008002164                I2C2_ER_IRQHandler
                0x0000000008002164                DMA2_Stream1_IRQHandler
                0x0000000008002164                FLASH_IRQHandler
                0x0000000008002164                DMA2_Stream4_IRQHandler
                0x0000000008002164                USART1_IRQHandler
                0x0000000008002164                OTG_FS_IRQHandler
                0x0000000008002164                SPI3_IRQHandler
                0x0000000008002164                WAKEUP_PIN_IRQHandler
                0x0000000008002164                DMA1_Stream4_IRQHandler
                0x0000000008002164                OTG_FS_EP1_IN_IRQHandler
                0x0000000008002164                I2C1_ER_IRQHandler
                0x0000000008002164                FMC_IRQHandler
                0x0000000008002164                FDCAN_CAL_IRQHandler
                0x0000000008002164                SWPMI1_IRQHandler
                0x0000000008002164                COMP1_IRQHandler
                0x0000000008002164                LPTIM1_IRQHandler
                0x0000000008002164                I2C4_ER_IRQHandler
                0x0000000008002164                DMA2_Stream6_IRQHandler
                0x0000000008002164                SAI1_IRQHandler
                0x0000000008002164                DMA1_Stream3_IRQHandler
 *fill*         0x0000000008002166        0x2 
 .text.HAL_Init
                0x0000000008002168       0x78 ./Drivers/STM32H7xx_HAL_Driver/Src/stm32h7xx_hal.o
                0x0000000008002168                HAL_Init
 .text.HAL_InitTick
                0x00000000080021e0       0x6c ./Drivers/STM32H7xx_HAL_Driver/Src/stm32h7xx_hal.o
                0x00000000080021e0                HAL_InitTick
 .text.HAL_IncTick
                0x000000000800224c       0x28 ./Drivers/STM32H7xx_HAL_Driver/Src/stm32h7xx_hal.o
                0x000000000800224c                HAL_IncTick
 .text.HAL_GetTick
                0x0000000008002274       0x18 ./Drivers/STM32H7xx_HAL_Driver/Src/stm32h7xx_hal.o
                0x0000000008002274                HAL_GetTick
 .text.HAL_Delay
                0x000000000800228c       0x48 ./Drivers/STM32H7xx_HAL_Driver/Src/stm32h7xx_hal.o
                0x000000000800228c                HAL_Delay
 .text.HAL_GetREVID
                0x00000000080022d4       0x18 ./Drivers/STM32H7xx_HAL_Driver/Src/stm32h7xx_hal.o
                0x00000000080022d4                HAL_GetREVID
 .text.LL_ADC_SetCommonClock
                0x00000000080022ec       0x26 ./Drivers/STM32H7xx_HAL_Driver/Src/stm32h7xx_hal_adc.o
 .text.LL_ADC_SetCommonPathInternalCh
                0x0000000008002312       0x26 ./Drivers/STM32H7xx_HAL_Driver/Src/stm32h7xx_hal_adc.o
 .text.LL_ADC_GetCommonPathInternalCh
                0x0000000008002338       0x1c ./Drivers/STM32H7xx_HAL_Driver/Src/stm32h7xx_hal_adc.o
 .text.LL_ADC_SetOffset
                0x0000000008002354       0x40 ./Drivers/STM32H7xx_HAL_Driver/Src/stm32h7xx_hal_adc.o
 .text.LL_ADC_SetDataRightShift
                0x0000000008002394       0x32 ./Drivers/STM32H7xx_HAL_Driver/Src/stm32h7xx_hal_adc.o
 .text.LL_ADC_SetOffsetSignedSaturation
                0x00000000080023c6       0x36 ./Drivers/STM32H7xx_HAL_Driver/Src/stm32h7xx_hal_adc.o
 .text.LL_ADC_REG_IsTriggerSourceSWStart
                0x00000000080023fc       0x26 ./Drivers/STM32H7xx_HAL_Driver/Src/stm32h7xx_hal_adc.o
 .text.LL_ADC_REG_SetSequencerRanks
                0x0000000008002422       0x58 ./Drivers/STM32H7xx_HAL_Driver/Src/stm32h7xx_hal_adc.o
 .text.LL_ADC_SetChannelSamplingTime
                0x000000000800247a       0x56 ./Drivers/STM32H7xx_HAL_Driver/Src/stm32h7xx_hal_adc.o
 .text.LL_ADC_SetChannelSingleDiff
                0x00000000080024d0       0x48 ./Drivers/STM32H7xx_HAL_Driver/Src/stm32h7xx_hal_adc.o
 .text.LL_ADC_GetMultimode
                0x0000000008002518       0x1c ./Drivers/STM32H7xx_HAL_Driver/Src/stm32h7xx_hal_adc.o
 .text.LL_ADC_GetMultiDMATransfer
                0x0000000008002534       0x1c ./Drivers/STM32H7xx_HAL_Driver/Src/stm32h7xx_hal_adc.o
 .text.LL_ADC_DisableDeepPowerDown
                0x0000000008002550       0x24 ./Drivers/STM32H7xx_HAL_Driver/Src/stm32h7xx_hal_adc.o
 .text.LL_ADC_IsDeepPowerDownEnabled
                0x0000000008002574       0x28 ./Drivers/STM32H7xx_HAL_Driver/Src/stm32h7xx_hal_adc.o
 .text.LL_ADC_EnableInternalRegulator
                0x000000000800259c       0x28 ./Drivers/STM32H7xx_HAL_Driver/Src/stm32h7xx_hal_adc.o
 .text.LL_ADC_IsInternalRegulatorEnabled
                0x00000000080025c4       0x28 ./Drivers/STM32H7xx_HAL_Driver/Src/stm32h7xx_hal_adc.o
 .text.LL_ADC_Enable
                0x00000000080025ec       0x28 ./Drivers/STM32H7xx_HAL_Driver/Src/stm32h7xx_hal_adc.o
 .text.LL_ADC_IsEnabled
                0x0000000008002614       0x26 ./Drivers/STM32H7xx_HAL_Driver/Src/stm32h7xx_hal_adc.o
 *fill*         0x000000000800263a        0x2 
 .text.LL_ADC_REG_StartConversion
                0x000000000800263c       0x28 ./Drivers/STM32H7xx_HAL_Driver/Src/stm32h7xx_hal_adc.o
 .text.LL_ADC_REG_IsConversionOngoing
                0x0000000008002664       0x26 ./Drivers/STM32H7xx_HAL_Driver/Src/stm32h7xx_hal_adc.o
 .text.LL_ADC_INJ_IsConversionOngoing
                0x000000000800268a       0x26 ./Drivers/STM32H7xx_HAL_Driver/Src/stm32h7xx_hal_adc.o
 .text.HAL_ADC_Init
                0x00000000080026b0      0x344 ./Drivers/STM32H7xx_HAL_Driver/Src/stm32h7xx_hal_adc.o
                0x00000000080026b0                HAL_ADC_Init
 .text.HAL_ADC_Start
                0x00000000080029f4      0x194 ./Drivers/STM32H7xx_HAL_Driver/Src/stm32h7xx_hal_adc.o
                0x00000000080029f4                HAL_ADC_Start
 .text.HAL_ADC_PollForConversion
                0x0000000008002b88      0x1e8 ./Drivers/STM32H7xx_HAL_Driver/Src/stm32h7xx_hal_adc.o
                0x0000000008002b88                HAL_ADC_PollForConversion
 .text.HAL_ADC_GetValue
                0x0000000008002d70       0x1a ./Drivers/STM32H7xx_HAL_Driver/Src/stm32h7xx_hal_adc.o
                0x0000000008002d70                HAL_ADC_GetValue
 *fill*         0x0000000008002d8a        0x2 
 .text.HAL_ADC_ConfigChannel
                0x0000000008002d8c      0x6b8 ./Drivers/STM32H7xx_HAL_Driver/Src/stm32h7xx_hal_adc.o
                0x0000000008002d8c                HAL_ADC_ConfigChannel
 .text.ADC_Enable
                0x0000000008003444      0x114 ./Drivers/STM32H7xx_HAL_Driver/Src/stm32h7xx_hal_adc.o
                0x0000000008003444                ADC_Enable
 .text.ADC_ConfigureBoostMode
                0x0000000008003558      0x218 ./Drivers/STM32H7xx_HAL_Driver/Src/stm32h7xx_hal_adc.o
                0x0000000008003558                ADC_ConfigureBoostMode
 .text.LL_ADC_IsEnabled
                0x0000000008003770       0x26 ./Drivers/STM32H7xx_HAL_Driver/Src/stm32h7xx_hal_adc_ex.o
 .text.LL_ADC_REG_IsConversionOngoing
                0x0000000008003796       0x26 ./Drivers/STM32H7xx_HAL_Driver/Src/stm32h7xx_hal_adc_ex.o
 .text.HAL_ADCEx_MultiModeConfigChannel
                0x00000000080037bc      0x1bc ./Drivers/STM32H7xx_HAL_Driver/Src/stm32h7xx_hal_adc_ex.o
                0x00000000080037bc                HAL_ADCEx_MultiModeConfigChannel
 .text.__NVIC_SetPriorityGrouping
                0x0000000008003978       0x48 ./Drivers/STM32H7xx_HAL_Driver/Src/stm32h7xx_hal_cortex.o
 .text.__NVIC_GetPriorityGrouping
                0x00000000080039c0       0x1c ./Drivers/STM32H7xx_HAL_Driver/Src/stm32h7xx_hal_cortex.o
 .text.__NVIC_EnableIRQ
                0x00000000080039dc       0x3c ./Drivers/STM32H7xx_HAL_Driver/Src/stm32h7xx_hal_cortex.o
 .text.__NVIC_SetPriority
                0x0000000008003a18       0x54 ./Drivers/STM32H7xx_HAL_Driver/Src/stm32h7xx_hal_cortex.o
 .text.NVIC_EncodePriority
                0x0000000008003a6c       0x66 ./Drivers/STM32H7xx_HAL_Driver/Src/stm32h7xx_hal_cortex.o
 *fill*         0x0000000008003ad2        0x2 
 .text.SysTick_Config
                0x0000000008003ad4       0x44 ./Drivers/STM32H7xx_HAL_Driver/Src/stm32h7xx_hal_cortex.o
 .text.HAL_NVIC_SetPriorityGrouping
                0x0000000008003b18       0x16 ./Drivers/STM32H7xx_HAL_Driver/Src/stm32h7xx_hal_cortex.o
                0x0000000008003b18                HAL_NVIC_SetPriorityGrouping
 .text.HAL_NVIC_SetPriority
                0x0000000008003b2e       0x34 ./Drivers/STM32H7xx_HAL_Driver/Src/stm32h7xx_hal_cortex.o
                0x0000000008003b2e                HAL_NVIC_SetPriority
 .text.HAL_NVIC_EnableIRQ
                0x0000000008003b62       0x1c ./Drivers/STM32H7xx_HAL_Driver/Src/stm32h7xx_hal_cortex.o
                0x0000000008003b62                HAL_NVIC_EnableIRQ
 .text.HAL_SYSTICK_Config
                0x0000000008003b7e       0x18 ./Drivers/STM32H7xx_HAL_Driver/Src/stm32h7xx_hal_cortex.o
                0x0000000008003b7e                HAL_SYSTICK_Config
 *fill*         0x0000000008003b96        0x2 
 .text.HAL_GPIO_Init
                0x0000000008003b98      0x360 ./Drivers/STM32H7xx_HAL_Driver/Src/stm32h7xx_hal_gpio.o
                0x0000000008003b98                HAL_GPIO_Init
 .text.HAL_GPIO_ReadPin
                0x0000000008003ef8       0x30 ./Drivers/STM32H7xx_HAL_Driver/Src/stm32h7xx_hal_gpio.o
                0x0000000008003ef8                HAL_GPIO_ReadPin
 .text.HAL_GPIO_WritePin
                0x0000000008003f28       0x32 ./Drivers/STM32H7xx_HAL_Driver/Src/stm32h7xx_hal_gpio.o
                0x0000000008003f28                HAL_GPIO_WritePin
 .text.HAL_GPIO_EXTI_IRQHandler
                0x0000000008003f5a       0x34 ./Drivers/STM32H7xx_HAL_Driver/Src/stm32h7xx_hal_gpio.o
                0x0000000008003f5a                HAL_GPIO_EXTI_IRQHandler
 *fill*         0x0000000008003f8e        0x2 
 .text.HAL_PWREx_ConfigSupply
                0x0000000008003f90       0x74 ./Drivers/STM32H7xx_HAL_Driver/Src/stm32h7xx_hal_pwr_ex.o
                0x0000000008003f90                HAL_PWREx_ConfigSupply
 .text.HAL_RCC_OscConfig
                0x0000000008004004      0x8b4 ./Drivers/STM32H7xx_HAL_Driver/Src/stm32h7xx_hal_rcc.o
                0x0000000008004004                HAL_RCC_OscConfig
 .text.HAL_RCC_ClockConfig
                0x00000000080048b8      0x36c ./Drivers/STM32H7xx_HAL_Driver/Src/stm32h7xx_hal_rcc.o
                0x00000000080048b8                HAL_RCC_ClockConfig
 .text.HAL_RCC_GetSysClockFreq
                0x0000000008004c24      0x2f4 ./Drivers/STM32H7xx_HAL_Driver/Src/stm32h7xx_hal_rcc.o
                0x0000000008004c24                HAL_RCC_GetSysClockFreq
 .text.HAL_RCC_GetHCLKFreq
                0x0000000008004f18       0x60 ./Drivers/STM32H7xx_HAL_Driver/Src/stm32h7xx_hal_rcc.o
                0x0000000008004f18                HAL_RCC_GetHCLKFreq
 .text.HAL_RCC_GetPCLK1Freq
                0x0000000008004f78       0x2c ./Drivers/STM32H7xx_HAL_Driver/Src/stm32h7xx_hal_rcc.o
                0x0000000008004f78                HAL_RCC_GetPCLK1Freq
 .text.HAL_RCCEx_PeriphCLKConfig
                0x0000000008004fa4     0x1414 ./Drivers/STM32H7xx_HAL_Driver/Src/stm32h7xx_hal_rcc_ex.o
                0x0000000008004fa4                HAL_RCCEx_PeriphCLKConfig
 .text.HAL_RCCEx_GetPeriphCLKFreq
                0x00000000080063b8      0xb00 ./Drivers/STM32H7xx_HAL_Driver/Src/stm32h7xx_hal_rcc_ex.o
                0x00000000080063b8                HAL_RCCEx_GetPeriphCLKFreq
 .text.HAL_RCCEx_GetD3PCLK1Freq
                0x0000000008006eb8       0x2c ./Drivers/STM32H7xx_HAL_Driver/Src/stm32h7xx_hal_rcc_ex.o
                0x0000000008006eb8                HAL_RCCEx_GetD3PCLK1Freq
 .text.HAL_RCCEx_GetPLL2ClockFreq
                0x0000000008006ee4      0x2a8 ./Drivers/STM32H7xx_HAL_Driver/Src/stm32h7xx_hal_rcc_ex.o
                0x0000000008006ee4                HAL_RCCEx_GetPLL2ClockFreq
 .text.HAL_RCCEx_GetPLL3ClockFreq
                0x000000000800718c      0x2a8 ./Drivers/STM32H7xx_HAL_Driver/Src/stm32h7xx_hal_rcc_ex.o
                0x000000000800718c                HAL_RCCEx_GetPLL3ClockFreq
 .text.HAL_RCCEx_GetPLL1ClockFreq
                0x0000000008007434      0x2a4 ./Drivers/STM32H7xx_HAL_Driver/Src/stm32h7xx_hal_rcc_ex.o
                0x0000000008007434                HAL_RCCEx_GetPLL1ClockFreq
 .text.RCCEx_PLL2_Config
                0x00000000080076d8      0x164 ./Drivers/STM32H7xx_HAL_Driver/Src/stm32h7xx_hal_rcc_ex.o
 .text.RCCEx_PLL3_Config
                0x000000000800783c      0x164 ./Drivers/STM32H7xx_HAL_Driver/Src/stm32h7xx_hal_rcc_ex.o
 .text.HAL_TIM_Base_Init
                0x00000000080079a0       0xae ./Drivers/STM32H7xx_HAL_Driver/Src/stm32h7xx_hal_tim.o
                0x00000000080079a0                HAL_TIM_Base_Init
 .text.HAL_TIM_PWM_Init
                0x0000000008007a4e       0xae ./Drivers/STM32H7xx_HAL_Driver/Src/stm32h7xx_hal_tim.o
                0x0000000008007a4e                HAL_TIM_PWM_Init
 .text.HAL_TIM_PWM_MspInit
                0x0000000008007afc       0x14 ./Drivers/STM32H7xx_HAL_Driver/Src/stm32h7xx_hal_tim.o
                0x0000000008007afc                HAL_TIM_PWM_MspInit
 .text.HAL_TIM_PWM_Stop
                0x0000000008007b10      0x12c ./Drivers/STM32H7xx_HAL_Driver/Src/stm32h7xx_hal_tim.o
                0x0000000008007b10                HAL_TIM_PWM_Stop
 .text.HAL_TIM_PWM_Start_IT
                0x0000000008007c3c      0x2b4 ./Drivers/STM32H7xx_HAL_Driver/Src/stm32h7xx_hal_tim.o
                0x0000000008007c3c                HAL_TIM_PWM_Start_IT
 .text.HAL_TIM_IRQHandler
                0x0000000008007ef0      0x20e ./Drivers/STM32H7xx_HAL_Driver/Src/stm32h7xx_hal_tim.o
                0x0000000008007ef0                HAL_TIM_IRQHandler
 *fill*         0x00000000080080fe        0x2 
 .text.HAL_TIM_PWM_ConfigChannel
                0x0000000008008100      0x228 ./Drivers/STM32H7xx_HAL_Driver/Src/stm32h7xx_hal_tim.o
                0x0000000008008100                HAL_TIM_PWM_ConfigChannel
 .text.HAL_TIM_ConfigClockSource
                0x0000000008008328      0x1f0 ./Drivers/STM32H7xx_HAL_Driver/Src/stm32h7xx_hal_tim.o
                0x0000000008008328                HAL_TIM_ConfigClockSource
 .text.HAL_TIM_PeriodElapsedCallback
                0x0000000008008518       0x14 ./Drivers/STM32H7xx_HAL_Driver/Src/stm32h7xx_hal_tim.o
                0x0000000008008518                HAL_TIM_PeriodElapsedCallback
 .text.HAL_TIM_OC_DelayElapsedCallback
                0x000000000800852c       0x14 ./Drivers/STM32H7xx_HAL_Driver/Src/stm32h7xx_hal_tim.o
                0x000000000800852c                HAL_TIM_OC_DelayElapsedCallback
 .text.HAL_TIM_IC_CaptureCallback
                0x0000000008008540       0x14 ./Drivers/STM32H7xx_HAL_Driver/Src/stm32h7xx_hal_tim.o
                0x0000000008008540                HAL_TIM_IC_CaptureCallback
 .text.HAL_TIM_TriggerCallback
                0x0000000008008554       0x14 ./Drivers/STM32H7xx_HAL_Driver/Src/stm32h7xx_hal_tim.o
                0x0000000008008554                HAL_TIM_TriggerCallback
 .text.TIM_Base_SetConfig
                0x0000000008008568      0x14c ./Drivers/STM32H7xx_HAL_Driver/Src/stm32h7xx_hal_tim.o
                0x0000000008008568                TIM_Base_SetConfig
 .text.TIM_OC1_SetConfig
                0x00000000080086b4      0x120 ./Drivers/STM32H7xx_HAL_Driver/Src/stm32h7xx_hal_tim.o
 .text.TIM_OC2_SetConfig
                0x00000000080087d4      0x114 ./Drivers/STM32H7xx_HAL_Driver/Src/stm32h7xx_hal_tim.o
                0x00000000080087d4                TIM_OC2_SetConfig
 .text.TIM_OC3_SetConfig
                0x00000000080088e8      0x110 ./Drivers/STM32H7xx_HAL_Driver/Src/stm32h7xx_hal_tim.o
 .text.TIM_OC4_SetConfig
                0x00000000080089f8       0xd4 ./Drivers/STM32H7xx_HAL_Driver/Src/stm32h7xx_hal_tim.o
 .text.TIM_OC5_SetConfig
                0x0000000008008acc       0xc8 ./Drivers/STM32H7xx_HAL_Driver/Src/stm32h7xx_hal_tim.o
 .text.TIM_OC6_SetConfig
                0x0000000008008b94       0xcc ./Drivers/STM32H7xx_HAL_Driver/Src/stm32h7xx_hal_tim.o
 .text.TIM_TI1_ConfigInputStage
                0x0000000008008c60       0x5e ./Drivers/STM32H7xx_HAL_Driver/Src/stm32h7xx_hal_tim.o
 .text.TIM_TI2_ConfigInputStage
                0x0000000008008cbe       0x60 ./Drivers/STM32H7xx_HAL_Driver/Src/stm32h7xx_hal_tim.o
 *fill*         0x0000000008008d1e        0x2 
 .text.TIM_ITRx_SetConfig
                0x0000000008008d20       0x3c ./Drivers/STM32H7xx_HAL_Driver/Src/stm32h7xx_hal_tim.o
 .text.TIM_ETR_SetConfig
                0x0000000008008d5c       0x40 ./Drivers/STM32H7xx_HAL_Driver/Src/stm32h7xx_hal_tim.o
                0x0000000008008d5c                TIM_ETR_SetConfig
 .text.TIM_CCxChannelCmd
                0x0000000008008d9c       0x4a ./Drivers/STM32H7xx_HAL_Driver/Src/stm32h7xx_hal_tim.o
                0x0000000008008d9c                TIM_CCxChannelCmd
 *fill*         0x0000000008008de6        0x2 
 .text.HAL_TIMEx_MasterConfigSynchronization
                0x0000000008008de8      0x11c ./Drivers/STM32H7xx_HAL_Driver/Src/stm32h7xx_hal_tim_ex.o
                0x0000000008008de8                HAL_TIMEx_MasterConfigSynchronization
 .text.HAL_TIMEx_CommutCallback
                0x0000000008008f04       0x14 ./Drivers/STM32H7xx_HAL_Driver/Src/stm32h7xx_hal_tim_ex.o
                0x0000000008008f04                HAL_TIMEx_CommutCallback
 .text.HAL_TIMEx_BreakCallback
                0x0000000008008f18       0x14 ./Drivers/STM32H7xx_HAL_Driver/Src/stm32h7xx_hal_tim_ex.o
                0x0000000008008f18                HAL_TIMEx_BreakCallback
 .text.HAL_TIMEx_Break2Callback
                0x0000000008008f2c       0x14 ./Drivers/STM32H7xx_HAL_Driver/Src/stm32h7xx_hal_tim_ex.o
                0x0000000008008f2c                HAL_TIMEx_Break2Callback
 .text.memset   0x0000000008008f40       0x10 C:/Users/15136/STM32Cube/STM32CubeIDE_1.14.1/STM32CubeIDE/plugins/com.st.stm32cube.ide.mcu.externaltools.gnu-tools-for-stm32.11.3.rel1.win32_1.1.100.202309141235/tools/bin/../lib/gcc/arm-none-eabi/11.3.1/../../../../arm-none-eabi/lib/thumb/v7e-m+dp/hard\libc_nano.a(libc_a-memset.o)
                0x0000000008008f40                memset
 .text.__errno  0x0000000008008f50        0xc C:/Users/15136/STM32Cube/STM32CubeIDE_1.14.1/STM32CubeIDE/plugins/com.st.stm32cube.ide.mcu.externaltools.gnu-tools-for-stm32.11.3.rel1.win32_1.1.100.202309141235/tools/bin/../lib/gcc/arm-none-eabi/11.3.1/../../../../arm-none-eabi/lib/thumb/v7e-m+dp/hard\libc_nano.a(libc_a-errno.o)
                0x0000000008008f50                __errno
 .text.__libc_init_array
                0x0000000008008f5c       0x48 C:/Users/15136/STM32Cube/STM32CubeIDE_1.14.1/STM32CubeIDE/plugins/com.st.stm32cube.ide.mcu.externaltools.gnu-tools-for-stm32.11.3.rel1.win32_1.1.100.202309141235/tools/bin/../lib/gcc/arm-none-eabi/11.3.1/../../../../arm-none-eabi/lib/thumb/v7e-m+dp/hard\libc_nano.a(libc_a-init.o)
                0x0000000008008f5c                __libc_init_array
 *fill*         0x0000000008008fa4        0x4 
 .text.exp      0x0000000008008fa8      0x1a4 C:/Users/15136/STM32Cube/STM32CubeIDE_1.14.1/STM32CubeIDE/plugins/com.st.stm32cube.ide.mcu.externaltools.gnu-tools-for-stm32.11.3.rel1.win32_1.1.100.202309141235/tools/bin/../lib/gcc/arm-none-eabi/11.3.1/../../../../arm-none-eabi/lib/thumb/v7e-m+dp/hard\libm.a(libm_a-exp.o)
                0x0000000008008fa8                exp
 .text.with_errno
                0x000000000800914c       0x16 C:/Users/15136/STM32Cube/STM32CubeIDE_1.14.1/STM32CubeIDE/plugins/com.st.stm32cube.ide.mcu.externaltools.gnu-tools-for-stm32.11.3.rel1.win32_1.1.100.202309141235/tools/bin/../lib/gcc/arm-none-eabi/11.3.1/../../../../arm-none-eabi/lib/thumb/v7e-m+dp/hard\libm.a(libm_a-math_err.o)
 .text.xflow    0x0000000008009162       0x22 C:/Users/15136/STM32Cube/STM32CubeIDE_1.14.1/STM32CubeIDE/plugins/com.st.stm32cube.ide.mcu.externaltools.gnu-tools-for-stm32.11.3.rel1.win32_1.1.100.202309141235/tools/bin/../lib/gcc/arm-none-eabi/11.3.1/../../../../arm-none-eabi/lib/thumb/v7e-m+dp/hard\libm.a(libm_a-math_err.o)
 *fill*         0x0000000008009184        0x4 
 .text.__math_uflow
                0x0000000008009188       0x10 C:/Users/15136/STM32Cube/STM32CubeIDE_1.14.1/STM32CubeIDE/plugins/com.st.stm32cube.ide.mcu.externaltools.gnu-tools-for-stm32.11.3.rel1.win32_1.1.100.202309141235/tools/bin/../lib/gcc/arm-none-eabi/11.3.1/../../../../arm-none-eabi/lib/thumb/v7e-m+dp/hard\libm.a(libm_a-math_err.o)
                0x0000000008009188                __math_uflow
 .text.__math_oflow
                0x0000000008009198       0x10 C:/Users/15136/STM32Cube/STM32CubeIDE_1.14.1/STM32CubeIDE/plugins/com.st.stm32cube.ide.mcu.externaltools.gnu-tools-for-stm32.11.3.rel1.win32_1.1.100.202309141235/tools/bin/../lib/gcc/arm-none-eabi/11.3.1/../../../../arm-none-eabi/lib/thumb/v7e-m+dp/hard\libm.a(libm_a-math_err.o)
                0x0000000008009198                __math_oflow
 .text.__math_check_uflow
                0x00000000080091a8       0x12 C:/Users/15136/STM32Cube/STM32CubeIDE_1.14.1/STM32CubeIDE/plugins/com.st.stm32cube.ide.mcu.externaltools.gnu-tools-for-stm32.11.3.rel1.win32_1.1.100.202309141235/tools/bin/../lib/gcc/arm-none-eabi/11.3.1/../../../../arm-none-eabi/lib/thumb/v7e-m+dp/hard\libm.a(libm_a-math_err.o)
                0x00000000080091a8                __math_check_uflow
 *fill*         0x00000000080091ba        0x6 
 .text.__math_check_oflow
                0x00000000080091c0       0x28 C:/Users/15136/STM32Cube/STM32CubeIDE_1.14.1/STM32CubeIDE/plugins/com.st.stm32cube.ide.mcu.externaltools.gnu-tools-for-stm32.11.3.rel1.win32_1.1.100.202309141235/tools/bin/../lib/gcc/arm-none-eabi/11.3.1/../../../../arm-none-eabi/lib/thumb/v7e-m+dp/hard\libm.a(libm_a-math_err.o)
                0x00000000080091c0                __math_check_oflow
 *(.glue_7)
 .glue_7        0x00000000080091e8        0x0 linker stubs
 *(.glue_7t)
 .glue_7t       0x00000000080091e8        0x0 linker stubs
 *(.eh_frame)
 .eh_frame      0x00000000080091e8        0x0 C:/Users/15136/STM32Cube/STM32CubeIDE_1.14.1/STM32CubeIDE/plugins/com.st.stm32cube.ide.mcu.externaltools.gnu-tools-for-stm32.11.3.rel1.win32_1.1.100.202309141235/tools/bin/../lib/gcc/arm-none-eabi/11.3.1/thumb/v7e-m+dp/hard/crtbegin.o
 *(.init)
 .init          0x00000000080091e8        0x4 C:/Users/15136/STM32Cube/STM32CubeIDE_1.14.1/STM32CubeIDE/plugins/com.st.stm32cube.ide.mcu.externaltools.gnu-tools-for-stm32.11.3.rel1.win32_1.1.100.202309141235/tools/bin/../lib/gcc/arm-none-eabi/11.3.1/thumb/v7e-m+dp/hard/crti.o
                0x00000000080091e8                _init
 .init          0x00000000080091ec        0x8 C:/Users/15136/STM32Cube/STM32CubeIDE_1.14.1/STM32CubeIDE/plugins/com.st.stm32cube.ide.mcu.externaltools.gnu-tools-for-stm32.11.3.rel1.win32_1.1.100.202309141235/tools/bin/../lib/gcc/arm-none-eabi/11.3.1/thumb/v7e-m+dp/hard/crtn.o
 *(.fini)
 .fini          0x00000000080091f4        0x4 C:/Users/15136/STM32Cube/STM32CubeIDE_1.14.1/STM32CubeIDE/plugins/com.st.stm32cube.ide.mcu.externaltools.gnu-tools-for-stm32.11.3.rel1.win32_1.1.100.202309141235/tools/bin/../lib/gcc/arm-none-eabi/11.3.1/thumb/v7e-m+dp/hard/crti.o
                0x00000000080091f4                _fini
 .fini          0x00000000080091f8        0x8 C:/Users/15136/STM32Cube/STM32CubeIDE_1.14.1/STM32CubeIDE/plugins/com.st.stm32cube.ide.mcu.externaltools.gnu-tools-for-stm32.11.3.rel1.win32_1.1.100.202309141235/tools/bin/../lib/gcc/arm-none-eabi/11.3.1/thumb/v7e-m+dp/hard/crtn.o
                0x0000000008009200                . = ALIGN (0x4)
                0x0000000008009200                _etext = .

.vfp11_veneer   0x0000000008009200        0x0
 .vfp11_veneer  0x0000000008009200        0x0 linker stubs

.v4_bx          0x0000000008009200        0x0
 .v4_bx         0x0000000008009200        0x0 linker stubs

.iplt           0x0000000008009200        0x0
 .iplt          0x0000000008009200        0x0 C:/Users/15136/STM32Cube/STM32CubeIDE_1.14.1/STM32CubeIDE/plugins/com.st.stm32cube.ide.mcu.externaltools.gnu-tools-for-stm32.11.3.rel1.win32_1.1.100.202309141235/tools/bin/../lib/gcc/arm-none-eabi/11.3.1/thumb/v7e-m+dp/hard/crtbegin.o

.rodata         0x0000000008009200      0x880
                0x0000000008009200                . = ALIGN (0x4)
 *(.rodata)
 *(.rodata*)
 .rodata.D1CorePrescTable
                0x0000000008009200       0x10 ./Core/Src/system_stm32h7xx.o
                0x0000000008009200                D1CorePrescTable
 .rodata.__exp_data
                0x0000000008009210      0x870 C:/Users/15136/STM32Cube/STM32CubeIDE_1.14.1/STM32CubeIDE/plugins/com.st.stm32cube.ide.mcu.externaltools.gnu-tools-for-stm32.11.3.rel1.win32_1.1.100.202309141235/tools/bin/../lib/gcc/arm-none-eabi/11.3.1/../../../../arm-none-eabi/lib/thumb/v7e-m+dp/hard\libm.a(libm_a-exp_data.o)
                0x0000000008009210                __exp_data
                0x0000000008009a80                . = ALIGN (0x4)

.rel.dyn        0x0000000008009a80        0x0
 .rel.iplt      0x0000000008009a80        0x0 C:/Users/15136/STM32Cube/STM32CubeIDE_1.14.1/STM32CubeIDE/plugins/com.st.stm32cube.ide.mcu.externaltools.gnu-tools-for-stm32.11.3.rel1.win32_1.1.100.202309141235/tools/bin/../lib/gcc/arm-none-eabi/11.3.1/thumb/v7e-m+dp/hard/crtbegin.o

.ARM.extab
 *(.ARM.extab* .gnu.linkonce.armextab.*)

.ARM            0x0000000008009a80        0x0
                0x0000000008009a80                __exidx_start = .
 *(.ARM.exidx*)
                0x0000000008009a80                __exidx_end = .

.preinit_array  0x0000000008009a80        0x0
                0x0000000008009a80                PROVIDE (__preinit_array_start = .)
 *(.preinit_array*)
                0x0000000008009a80                PROVIDE (__preinit_array_end = .)

.init_array     0x0000000008009a80        0x4
                0x0000000008009a80                PROVIDE (__init_array_start = .)
 *(SORT_BY_NAME(.init_array.*))
 *(.init_array*)
 .init_array    0x0000000008009a80        0x4 C:/Users/15136/STM32Cube/STM32CubeIDE_1.14.1/STM32CubeIDE/plugins/com.st.stm32cube.ide.mcu.externaltools.gnu-tools-for-stm32.11.3.rel1.win32_1.1.100.202309141235/tools/bin/../lib/gcc/arm-none-eabi/11.3.1/thumb/v7e-m+dp/hard/crtbegin.o
                0x0000000008009a84                PROVIDE (__init_array_end = .)

.fini_array     0x0000000008009a84        0x4
                [!provide]                        PROVIDE (__fini_array_start = .)
 *(SORT_BY_NAME(.fini_array.*))
 *(.fini_array*)
 .fini_array    0x0000000008009a84        0x4 C:/Users/15136/STM32Cube/STM32CubeIDE_1.14.1/STM32CubeIDE/plugins/com.st.stm32cube.ide.mcu.externaltools.gnu-tools-for-stm32.11.3.rel1.win32_1.1.100.202309141235/tools/bin/../lib/gcc/arm-none-eabi/11.3.1/thumb/v7e-m+dp/hard/crtbegin.o
                [!provide]                        PROVIDE (__fini_array_end = .)
                0x0000000008009a88                _sidata = LOADADDR (.data)

.data           0x0000000024000000      0x390 load address 0x0000000008009a88
                0x0000000024000000                . = ALIGN (0x4)
                0x0000000024000000                _sdata = .
 *(.data)
 *(.data*)
 .data.movdraw.0
                0x0000000024000000      0x330 ./Core/Src/main.o
 .data.SystemCoreClock
                0x0000000024000330        0x4 ./Core/Src/system_stm32h7xx.o
                0x0000000024000330                SystemCoreClock
 .data.SystemD2Clock
                0x0000000024000334        0x4 ./Core/Src/system_stm32h7xx.o
                0x0000000024000334                SystemD2Clock
 .data.uwTickPrio
                0x0000000024000338        0x4 ./Drivers/STM32H7xx_HAL_Driver/Src/stm32h7xx_hal.o
                0x0000000024000338                uwTickPrio
 .data.uwTickFreq
                0x000000002400033c        0x1 ./Drivers/STM32H7xx_HAL_Driver/Src/stm32h7xx_hal.o
                0x000000002400033c                uwTickFreq
 *fill*         0x000000002400033d        0x3 
 .data._impure_data
                0x0000000024000340       0x4c C:/Users/15136/STM32Cube/STM32CubeIDE_1.14.1/STM32CubeIDE/plugins/com.st.stm32cube.ide.mcu.externaltools.gnu-tools-for-stm32.11.3.rel1.win32_1.1.100.202309141235/tools/bin/../lib/gcc/arm-none-eabi/11.3.1/../../../../arm-none-eabi/lib/thumb/v7e-m+dp/hard\libc_nano.a(libc_a-impure.o)
                0x0000000024000340                _impure_data
 .data._impure_ptr
                0x000000002400038c        0x4 C:/Users/15136/STM32Cube/STM32CubeIDE_1.14.1/STM32CubeIDE/plugins/com.st.stm32cube.ide.mcu.externaltools.gnu-tools-for-stm32.11.3.rel1.win32_1.1.100.202309141235/tools/bin/../lib/gcc/arm-none-eabi/11.3.1/../../../../arm-none-eabi/lib/thumb/v7e-m+dp/hard\libc_nano.a(libc_a-impure.o)
                0x000000002400038c                _impure_ptr
 *(.RamFunc)
 *(.RamFunc*)
                0x0000000024000390                . = ALIGN (0x4)
                0x0000000024000390                _edata = .

.igot.plt       0x0000000024000390        0x0 load address 0x0000000008009e18
 .igot.plt      0x0000000024000390        0x0 C:/Users/15136/STM32Cube/STM32CubeIDE_1.14.1/STM32CubeIDE/plugins/com.st.stm32cube.ide.mcu.externaltools.gnu-tools-for-stm32.11.3.rel1.win32_1.1.100.202309141235/tools/bin/../lib/gcc/arm-none-eabi/11.3.1/thumb/v7e-m+dp/hard/crtbegin.o
                0x0000000024000390                . = ALIGN (0x4)

.bss            0x0000000024000390      0xb10 load address 0x0000000008009e18
                0x0000000024000390                _sbss = .
                0x0000000024000390                __bss_start__ = _sbss
 *(.bss)
 .bss           0x0000000024000390       0x1c C:/Users/15136/STM32Cube/STM32CubeIDE_1.14.1/STM32CubeIDE/plugins/com.st.stm32cube.ide.mcu.externaltools.gnu-tools-for-stm32.11.3.rel1.win32_1.1.100.202309141235/tools/bin/../lib/gcc/arm-none-eabi/11.3.1/thumb/v7e-m+dp/hard/crtbegin.o
 *(.bss*)
 .bss.hadc1     0x00000000240003ac       0x64 ./Core/Src/adc.o
                0x00000000240003ac                hadc1
 .bss.xstep_motor_info
                0x0000000024000410       0x24 ./Core/Src/stepmotor_def.o
                0x0000000024000410                xstep_motor_info
 .bss.ystep_motor_info
                0x0000000024000434       0x24 ./Core/Src/stepmotor_def.o
                0x0000000024000434                ystep_motor_info
 .bss.zstep_motor_info
                0x0000000024000458       0x24 ./Core/Src/stepmotor_def.o
                0x0000000024000458                zstep_motor_info
 .bss.xmotor_cnt_info
                0x000000002400047c      0x3e8 ./Core/Src/stepmotor_def.o
                0x000000002400047c                xmotor_cnt_info
 .bss.ymotor_cnt_info
                0x0000000024000864      0x3e8 ./Core/Src/stepmotor_def.o
                0x0000000024000864                ymotor_cnt_info
 *fill*         0x0000000024000c4c        0x4 
 .bss.circle_info
                0x0000000024000c50       0x30 ./Core/Src/stepmotor_def.o
                0x0000000024000c50                circle_info
 .bss.htim2     0x0000000024000c80       0x4c ./Core/Src/tim.o
                0x0000000024000c80                htim2
 .bss.htim3     0x0000000024000ccc       0x4c ./Core/Src/tim.o
                0x0000000024000ccc                htim3
 .bss.htim4     0x0000000024000d18       0x4c ./Core/Src/tim.o
                0x0000000024000d18                htim4
 .bss.uwTick    0x0000000024000d64        0x4 ./Drivers/STM32H7xx_HAL_Driver/Src/stm32h7xx_hal.o
                0x0000000024000d64                uwTick
 .bss.__sf      0x0000000024000d68      0x138 C:/Users/15136/STM32Cube/STM32CubeIDE_1.14.1/STM32CubeIDE/plugins/com.st.stm32cube.ide.mcu.externaltools.gnu-tools-for-stm32.11.3.rel1.win32_1.1.100.202309141235/tools/bin/../lib/gcc/arm-none-eabi/11.3.1/../../../../arm-none-eabi/lib/thumb/v7e-m+dp/hard\libc_nano.a(libc_a-findfp.o)
                0x0000000024000d68                __sf
 *(COMMON)
                0x0000000024000ea0                . = ALIGN (0x4)
                0x0000000024000ea0                _ebss = .
                0x0000000024000ea0                __bss_end__ = _ebss

._user_heap_stack
                0x0000000024000ea0      0x600 load address 0x0000000008009e18
                0x0000000024000ea0                . = ALIGN (0x8)
                [!provide]                        PROVIDE (end = .)
                0x0000000024000ea0                PROVIDE (_end = .)
                0x00000000240010a0                . = (. + _Min_Heap_Size)
 *fill*         0x0000000024000ea0      0x200 
                0x00000000240014a0                . = (. + _Min_Stack_Size)
 *fill*         0x00000000240010a0      0x400 
                0x00000000240014a0                . = ALIGN (0x8)

/DISCARD/
 libc.a(*)
 libm.a(*)
 libgcc.a(*)

.ARM.attributes
                0x0000000000000000       0x2e
 *(.ARM.attributes)
 .ARM.attributes
                0x0000000000000000       0x1e C:/Users/15136/STM32Cube/STM32CubeIDE_1.14.1/STM32CubeIDE/plugins/com.st.stm32cube.ide.mcu.externaltools.gnu-tools-for-stm32.11.3.rel1.win32_1.1.100.202309141235/tools/bin/../lib/gcc/arm-none-eabi/11.3.1/thumb/v7e-m+dp/hard/crti.o
 .ARM.attributes
                0x000000000000001e       0x32 C:/Users/15136/STM32Cube/STM32CubeIDE_1.14.1/STM32CubeIDE/plugins/com.st.stm32cube.ide.mcu.externaltools.gnu-tools-for-stm32.11.3.rel1.win32_1.1.100.202309141235/tools/bin/../lib/gcc/arm-none-eabi/11.3.1/thumb/v7e-m+dp/hard/crtbegin.o
 .ARM.attributes
                0x0000000000000050       0x32 ./Core/Src/adc.o
 .ARM.attributes
                0x0000000000000082       0x32 ./Core/Src/gpio.o
 .ARM.attributes
                0x00000000000000b4       0x32 ./Core/Src/main.o
 .ARM.attributes
                0x00000000000000e6       0x32 ./Core/Src/stepmotor_def.o
 .ARM.attributes
                0x0000000000000118       0x32 ./Core/Src/stm32h7xx_hal_msp.o
 .ARM.attributes
                0x000000000000014a       0x32 ./Core/Src/stm32h7xx_it.o
 .ARM.attributes
                0x000000000000017c       0x32 ./Core/Src/system_stm32h7xx.o
 .ARM.attributes
                0x00000000000001ae       0x32 ./Core/Src/tim.o
 .ARM.attributes
                0x00000000000001e0       0x21 ./Core/Startup/startup_stm32h743zitx.o
 .ARM.attributes
                0x0000000000000201       0x32 ./Drivers/STM32H7xx_HAL_Driver/Src/stm32h7xx_hal.o
 .ARM.attributes
                0x0000000000000233       0x32 ./Drivers/STM32H7xx_HAL_Driver/Src/stm32h7xx_hal_adc.o
 .ARM.attributes
                0x0000000000000265       0x32 ./Drivers/STM32H7xx_HAL_Driver/Src/stm32h7xx_hal_adc_ex.o
 .ARM.attributes
                0x0000000000000297       0x32 ./Drivers/STM32H7xx_HAL_Driver/Src/stm32h7xx_hal_cortex.o
 .ARM.attributes
                0x00000000000002c9       0x32 ./Drivers/STM32H7xx_HAL_Driver/Src/stm32h7xx_hal_gpio.o
 .ARM.attributes
                0x00000000000002fb       0x32 ./Drivers/STM32H7xx_HAL_Driver/Src/stm32h7xx_hal_pwr_ex.o
 .ARM.attributes
                0x000000000000032d       0x32 ./Drivers/STM32H7xx_HAL_Driver/Src/stm32h7xx_hal_rcc.o
 .ARM.attributes
                0x000000000000035f       0x32 ./Drivers/STM32H7xx_HAL_Driver/Src/stm32h7xx_hal_rcc_ex.o
 .ARM.attributes
                0x0000000000000391       0x32 ./Drivers/STM32H7xx_HAL_Driver/Src/stm32h7xx_hal_tim.o
 .ARM.attributes
                0x00000000000003c3       0x32 ./Drivers/STM32H7xx_HAL_Driver/Src/stm32h7xx_hal_tim_ex.o
 .ARM.attributes
                0x00000000000003f5       0x32 C:/Users/15136/STM32Cube/STM32CubeIDE_1.14.1/STM32CubeIDE/plugins/com.st.stm32cube.ide.mcu.externaltools.gnu-tools-for-stm32.11.3.rel1.win32_1.1.100.202309141235/tools/bin/../lib/gcc/arm-none-eabi/11.3.1/../../../../arm-none-eabi/lib/thumb/v7e-m+dp/hard\libc_nano.a(libc_a-findfp.o)
 .ARM.attributes
                0x0000000000000427       0x32 C:/Users/15136/STM32Cube/STM32CubeIDE_1.14.1/STM32CubeIDE/plugins/com.st.stm32cube.ide.mcu.externaltools.gnu-tools-for-stm32.11.3.rel1.win32_1.1.100.202309141235/tools/bin/../lib/gcc/arm-none-eabi/11.3.1/../../../../arm-none-eabi/lib/thumb/v7e-m+dp/hard\libc_nano.a(libc_a-memset.o)
 .ARM.attributes
                0x0000000000000459       0x32 C:/Users/15136/STM32Cube/STM32CubeIDE_1.14.1/STM32CubeIDE/plugins/com.st.stm32cube.ide.mcu.externaltools.gnu-tools-for-stm32.11.3.rel1.win32_1.1.100.202309141235/tools/bin/../lib/gcc/arm-none-eabi/11.3.1/../../../../arm-none-eabi/lib/thumb/v7e-m+dp/hard\libc_nano.a(libc_a-impure.o)
 .ARM.attributes
                0x000000000000048b       0x32 C:/Users/15136/STM32Cube/STM32CubeIDE_1.14.1/STM32CubeIDE/plugins/com.st.stm32cube.ide.mcu.externaltools.gnu-tools-for-stm32.11.3.rel1.win32_1.1.100.202309141235/tools/bin/../lib/gcc/arm-none-eabi/11.3.1/../../../../arm-none-eabi/lib/thumb/v7e-m+dp/hard\libc_nano.a(libc_a-errno.o)
 .ARM.attributes
                0x00000000000004bd       0x32 C:/Users/15136/STM32Cube/STM32CubeIDE_1.14.1/STM32CubeIDE/plugins/com.st.stm32cube.ide.mcu.externaltools.gnu-tools-for-stm32.11.3.rel1.win32_1.1.100.202309141235/tools/bin/../lib/gcc/arm-none-eabi/11.3.1/../../../../arm-none-eabi/lib/thumb/v7e-m+dp/hard\libc_nano.a(libc_a-init.o)
 .ARM.attributes
                0x00000000000004ef       0x32 C:/Users/15136/STM32Cube/STM32CubeIDE_1.14.1/STM32CubeIDE/plugins/com.st.stm32cube.ide.mcu.externaltools.gnu-tools-for-stm32.11.3.rel1.win32_1.1.100.202309141235/tools/bin/../lib/gcc/arm-none-eabi/11.3.1/../../../../arm-none-eabi/lib/thumb/v7e-m+dp/hard\libm.a(libm_a-exp.o)
 .ARM.attributes
                0x0000000000000521       0x32 C:/Users/15136/STM32Cube/STM32CubeIDE_1.14.1/STM32CubeIDE/plugins/com.st.stm32cube.ide.mcu.externaltools.gnu-tools-for-stm32.11.3.rel1.win32_1.1.100.202309141235/tools/bin/../lib/gcc/arm-none-eabi/11.3.1/../../../../arm-none-eabi/lib/thumb/v7e-m+dp/hard\libm.a(libm_a-exp_data.o)
 .ARM.attributes
                0x0000000000000553       0x32 C:/Users/15136/STM32Cube/STM32CubeIDE_1.14.1/STM32CubeIDE/plugins/com.st.stm32cube.ide.mcu.externaltools.gnu-tools-for-stm32.11.3.rel1.win32_1.1.100.202309141235/tools/bin/../lib/gcc/arm-none-eabi/11.3.1/../../../../arm-none-eabi/lib/thumb/v7e-m+dp/hard\libm.a(libm_a-math_err.o)
 .ARM.attributes
                0x0000000000000585       0x1e C:/Users/15136/STM32Cube/STM32CubeIDE_1.14.1/STM32CubeIDE/plugins/com.st.stm32cube.ide.mcu.externaltools.gnu-tools-for-stm32.11.3.rel1.win32_1.1.100.202309141235/tools/bin/../lib/gcc/arm-none-eabi/11.3.1/thumb/v7e-m+dp/hard/crtn.o
OUTPUT(lab3_H743.elf elf32-littlearm)
LOAD linker stubs
LOAD C:/Users/15136/STM32Cube/STM32CubeIDE_1.14.1/STM32CubeIDE/plugins/com.st.stm32cube.ide.mcu.externaltools.gnu-tools-for-stm32.11.3.rel1.win32_1.1.100.202309141235/tools/bin/../lib/gcc/arm-none-eabi/11.3.1/../../../../arm-none-eabi/lib/thumb/v7e-m+dp/hard\libc.a
LOAD C:/Users/15136/STM32Cube/STM32CubeIDE_1.14.1/STM32CubeIDE/plugins/com.st.stm32cube.ide.mcu.externaltools.gnu-tools-for-stm32.11.3.rel1.win32_1.1.100.202309141235/tools/bin/../lib/gcc/arm-none-eabi/11.3.1/../../../../arm-none-eabi/lib/thumb/v7e-m+dp/hard\libm.a
LOAD C:/Users/15136/STM32Cube/STM32CubeIDE_1.14.1/STM32CubeIDE/plugins/com.st.stm32cube.ide.mcu.externaltools.gnu-tools-for-stm32.11.3.rel1.win32_1.1.100.202309141235/tools/bin/../lib/gcc/arm-none-eabi/11.3.1/thumb/v7e-m+dp/hard\libgcc.a

.comment        0x0000000000000000       0x43
 .comment       0x0000000000000000       0x43 C:/Users/15136/STM32Cube/STM32CubeIDE_1.14.1/STM32CubeIDE/plugins/com.st.stm32cube.ide.mcu.externaltools.gnu-tools-for-stm32.11.3.rel1.win32_1.1.100.202309141235/tools/bin/../lib/gcc/arm-none-eabi/11.3.1/thumb/v7e-m+dp/hard/crtbegin.o
                                         0x44 (size before relaxing)
 .comment       0x0000000000000043       0x44 ./Core/Src/adc.o
 .comment       0x0000000000000043       0x44 ./Core/Src/gpio.o
 .comment       0x0000000000000043       0x44 ./Core/Src/main.o
 .comment       0x0000000000000043       0x44 ./Core/Src/stepmotor_def.o
 .comment       0x0000000000000043       0x44 ./Core/Src/stm32h7xx_hal_msp.o
 .comment       0x0000000000000043       0x44 ./Core/Src/stm32h7xx_it.o
 .comment       0x0000000000000043       0x44 ./Core/Src/system_stm32h7xx.o
 .comment       0x0000000000000043       0x44 ./Core/Src/tim.o
 .comment       0x0000000000000043       0x44 ./Drivers/STM32H7xx_HAL_Driver/Src/stm32h7xx_hal.o
 .comment       0x0000000000000043       0x44 ./Drivers/STM32H7xx_HAL_Driver/Src/stm32h7xx_hal_adc.o
 .comment       0x0000000000000043       0x44 ./Drivers/STM32H7xx_HAL_Driver/Src/stm32h7xx_hal_adc_ex.o
 .comment       0x0000000000000043       0x44 ./Drivers/STM32H7xx_HAL_Driver/Src/stm32h7xx_hal_cortex.o
 .comment       0x0000000000000043       0x44 ./Drivers/STM32H7xx_HAL_Driver/Src/stm32h7xx_hal_gpio.o
 .comment       0x0000000000000043       0x44 ./Drivers/STM32H7xx_HAL_Driver/Src/stm32h7xx_hal_pwr_ex.o
 .comment       0x0000000000000043       0x44 ./Drivers/STM32H7xx_HAL_Driver/Src/stm32h7xx_hal_rcc.o
 .comment       0x0000000000000043       0x44 ./Drivers/STM32H7xx_HAL_Driver/Src/stm32h7xx_hal_rcc_ex.o
 .comment       0x0000000000000043       0x44 ./Drivers/STM32H7xx_HAL_Driver/Src/stm32h7xx_hal_tim.o
 .comment       0x0000000000000043       0x44 ./Drivers/STM32H7xx_HAL_Driver/Src/stm32h7xx_hal_tim_ex.o

.debug_info     0x0000000000000000    0x15b57
 .debug_info    0x0000000000000000     0x1249 ./Core/Src/adc.o
 .debug_info    0x0000000000001249      0xa41 ./Core/Src/gpio.o
 .debug_info    0x0000000000001c8a     0x162b ./Core/Src/main.o
 .debug_info    0x00000000000032b5     0x156e ./Core/Src/stepmotor_def.o
 .debug_info    0x0000000000004823      0x464 ./Core/Src/stm32h7xx_hal_msp.o
 .debug_info    0x0000000000004c87      0x89b ./Core/Src/stm32h7xx_it.o
 .debug_info    0x0000000000005522      0xcef ./Core/Src/system_stm32h7xx.o
 .debug_info    0x0000000000006211     0x1420 ./Core/Src/tim.o
 .debug_info    0x0000000000007631       0x23 ./Core/Startup/startup_stm32h743zitx.o
 .debug_info    0x0000000000007654     0x153b ./Drivers/STM32H7xx_HAL_Driver/Src/stm32h7xx_hal.o
 .debug_info    0x0000000000008b8f     0x1ed2 ./Drivers/STM32H7xx_HAL_Driver/Src/stm32h7xx_hal_adc.o
 .debug_info    0x000000000000aa61     0x1fed ./Drivers/STM32H7xx_HAL_Driver/Src/stm32h7xx_hal_adc_ex.o
 .debug_info    0x000000000000ca4e     0x10ac ./Drivers/STM32H7xx_HAL_Driver/Src/stm32h7xx_hal_cortex.o
 .debug_info    0x000000000000dafa      0xc4b ./Drivers/STM32H7xx_HAL_Driver/Src/stm32h7xx_hal_gpio.o
 .debug_info    0x000000000000e745     0x1008 ./Drivers/STM32H7xx_HAL_Driver/Src/stm32h7xx_hal_pwr_ex.o
 .debug_info    0x000000000000f74d      0xe5b ./Drivers/STM32H7xx_HAL_Driver/Src/stm32h7xx_hal_rcc.o
 .debug_info    0x00000000000105a8     0x1216 ./Drivers/STM32H7xx_HAL_Driver/Src/stm32h7xx_hal_rcc_ex.o
 .debug_info    0x00000000000117be     0x2bae ./Drivers/STM32H7xx_HAL_Driver/Src/stm32h7xx_hal_tim.o
 .debug_info    0x000000000001436c     0x17eb ./Drivers/STM32H7xx_HAL_Driver/Src/stm32h7xx_hal_tim_ex.o

.debug_abbrev   0x0000000000000000     0x2ae2
 .debug_abbrev  0x0000000000000000      0x21e ./Core/Src/adc.o
 .debug_abbrev  0x000000000000021e      0x18d ./Core/Src/gpio.o
 .debug_abbrev  0x00000000000003ab      0x303 ./Core/Src/main.o
 .debug_abbrev  0x00000000000006ae      0x33d ./Core/Src/stepmotor_def.o
 .debug_abbrev  0x00000000000009eb       0xdb ./Core/Src/stm32h7xx_hal_msp.o
 .debug_abbrev  0x0000000000000ac6      0x1ac ./Core/Src/stm32h7xx_it.o
 .debug_abbrev  0x0000000000000c72      0x14c ./Core/Src/system_stm32h7xx.o
 .debug_abbrev  0x0000000000000dbe      0x289 ./Core/Src/tim.o
 .debug_abbrev  0x0000000000001047       0x12 ./Core/Startup/startup_stm32h743zitx.o
 .debug_abbrev  0x0000000000001059      0x295 ./Drivers/STM32H7xx_HAL_Driver/Src/stm32h7xx_hal.o
 .debug_abbrev  0x00000000000012ee      0x2d3 ./Drivers/STM32H7xx_HAL_Driver/Src/stm32h7xx_hal_adc.o
 .debug_abbrev  0x00000000000015c1      0x31b ./Drivers/STM32H7xx_HAL_Driver/Src/stm32h7xx_hal_adc_ex.o
 .debug_abbrev  0x00000000000018dc      0x339 ./Drivers/STM32H7xx_HAL_Driver/Src/stm32h7xx_hal_cortex.o
 .debug_abbrev  0x0000000000001c15      0x1fe ./Drivers/STM32H7xx_HAL_Driver/Src/stm32h7xx_hal_gpio.o
 .debug_abbrev  0x0000000000001e13      0x2a7 ./Drivers/STM32H7xx_HAL_Driver/Src/stm32h7xx_hal_pwr_ex.o
 .debug_abbrev  0x00000000000020ba      0x2c8 ./Drivers/STM32H7xx_HAL_Driver/Src/stm32h7xx_hal_rcc.o
 .debug_abbrev  0x0000000000002382      0x269 ./Drivers/STM32H7xx_HAL_Driver/Src/stm32h7xx_hal_rcc_ex.o
 .debug_abbrev  0x00000000000025eb      0x276 ./Drivers/STM32H7xx_HAL_Driver/Src/stm32h7xx_hal_tim.o
 .debug_abbrev  0x0000000000002861      0x281 ./Drivers/STM32H7xx_HAL_Driver/Src/stm32h7xx_hal_tim_ex.o

.debug_aranges  0x0000000000000000     0x11d8
 .debug_aranges
                0x0000000000000000       0x30 ./Core/Src/adc.o
 .debug_aranges
                0x0000000000000030       0x20 ./Core/Src/gpio.o
 .debug_aranges
                0x0000000000000050       0x40 ./Core/Src/main.o
 .debug_aranges
                0x0000000000000090       0xa8 ./Core/Src/stepmotor_def.o
 .debug_aranges
                0x0000000000000138       0x20 ./Core/Src/stm32h7xx_hal_msp.o
 .debug_aranges
                0x0000000000000158       0x88 ./Core/Src/stm32h7xx_it.o
 .debug_aranges
                0x00000000000001e0       0x28 ./Core/Src/system_stm32h7xx.o
 .debug_aranges
                0x0000000000000208       0x48 ./Core/Src/tim.o
 .debug_aranges
                0x0000000000000250       0x28 ./Core/Startup/startup_stm32h743zitx.o
 .debug_aranges
                0x0000000000000278      0x198 ./Drivers/STM32H7xx_HAL_Driver/Src/stm32h7xx_hal.o
 .debug_aranges
                0x0000000000000410      0x228 ./Drivers/STM32H7xx_HAL_Driver/Src/stm32h7xx_hal_adc.o
 .debug_aranges
                0x0000000000000638      0x1d8 ./Drivers/STM32H7xx_HAL_Driver/Src/stm32h7xx_hal_adc_ex.o
 .debug_aranges
                0x0000000000000810      0x130 ./Drivers/STM32H7xx_HAL_Driver/Src/stm32h7xx_hal_cortex.o
 .debug_aranges
                0x0000000000000940       0x58 ./Drivers/STM32H7xx_HAL_Driver/Src/stm32h7xx_hal_gpio.o
 .debug_aranges
                0x0000000000000998      0x158 ./Drivers/STM32H7xx_HAL_Driver/Src/stm32h7xx_hal_pwr_ex.o
 .debug_aranges
                0x0000000000000af0       0x88 ./Drivers/STM32H7xx_HAL_Driver/Src/stm32h7xx_hal_rcc.o
 .debug_aranges
                0x0000000000000b78       0xf8 ./Drivers/STM32H7xx_HAL_Driver/Src/stm32h7xx_hal_rcc_ex.o
 .debug_aranges
                0x0000000000000c70      0x3e0 ./Drivers/STM32H7xx_HAL_Driver/Src/stm32h7xx_hal_tim.o
 .debug_aranges
                0x0000000000001050      0x188 ./Drivers/STM32H7xx_HAL_Driver/Src/stm32h7xx_hal_tim_ex.o

.debug_rnglists
                0x0000000000000000      0xdd8
 .debug_rnglists
                0x0000000000000000       0x21 ./Core/Src/adc.o
 .debug_rnglists
                0x0000000000000021       0x14 ./Core/Src/gpio.o
 .debug_rnglists
                0x0000000000000035       0x2f ./Core/Src/main.o
 .debug_rnglists
                0x0000000000000064       0x9b ./Core/Src/stepmotor_def.o
 .debug_rnglists
                0x00000000000000ff       0x13 ./Core/Src/stm32h7xx_hal_msp.o
 .debug_rnglists
                0x0000000000000112       0x61 ./Core/Src/stm32h7xx_it.o
 .debug_rnglists
                0x0000000000000173       0x1b ./Core/Src/system_stm32h7xx.o
 .debug_rnglists
                0x000000000000018e       0x37 ./Core/Src/tim.o
 .debug_rnglists
                0x00000000000001c5       0x19 ./Core/Startup/startup_stm32h743zitx.o
 .debug_rnglists
                0x00000000000001de      0x131 ./Drivers/STM32H7xx_HAL_Driver/Src/stm32h7xx_hal.o
 .debug_rnglists
                0x000000000000030f      0x1a9 ./Drivers/STM32H7xx_HAL_Driver/Src/stm32h7xx_hal_adc.o
 .debug_rnglists
                0x00000000000004b8      0x16f ./Drivers/STM32H7xx_HAL_Driver/Src/stm32h7xx_hal_adc_ex.o
 .debug_rnglists
                0x0000000000000627       0xe0 ./Drivers/STM32H7xx_HAL_Driver/Src/stm32h7xx_hal_cortex.o
 .debug_rnglists
                0x0000000000000707       0x3f ./Drivers/STM32H7xx_HAL_Driver/Src/stm32h7xx_hal_gpio.o
 .debug_rnglists
                0x0000000000000746      0x103 ./Drivers/STM32H7xx_HAL_Driver/Src/stm32h7xx_hal_pwr_ex.o
 .debug_rnglists
                0x0000000000000849       0x68 ./Drivers/STM32H7xx_HAL_Driver/Src/stm32h7xx_hal_rcc.o
 .debug_rnglists
                0x00000000000008b1       0xc0 ./Drivers/STM32H7xx_HAL_Driver/Src/stm32h7xx_hal_rcc_ex.o
 .debug_rnglists
                0x0000000000000971      0x328 ./Drivers/STM32H7xx_HAL_Driver/Src/stm32h7xx_hal_tim.o
 .debug_rnglists
                0x0000000000000c99      0x13f ./Drivers/STM32H7xx_HAL_Driver/Src/stm32h7xx_hal_tim_ex.o

.debug_macro    0x0000000000000000    0x38a99
 .debug_macro   0x0000000000000000      0x2cf ./Core/Src/adc.o
 .debug_macro   0x00000000000002cf      0xac0 ./Core/Src/adc.o
 .debug_macro   0x0000000000000d8f      0x238 ./Core/Src/adc.o
 .debug_macro   0x0000000000000fc7       0x2e ./Core/Src/adc.o
 .debug_macro   0x0000000000000ff5       0x3b ./Core/Src/adc.o
 .debug_macro   0x0000000000001030       0x22 ./Core/Src/adc.o
 .debug_macro   0x0000000000001052       0x8e ./Core/Src/adc.o
 .debug_macro   0x00000000000010e0       0x51 ./Core/Src/adc.o
 .debug_macro   0x0000000000001131      0x103 ./Core/Src/adc.o
 .debug_macro   0x0000000000001234       0x6a ./Core/Src/adc.o
 .debug_macro   0x000000000000129e      0x1df ./Core/Src/adc.o
 .debug_macro   0x000000000000147d       0x1c ./Core/Src/adc.o
 .debug_macro   0x0000000000001499       0x22 ./Core/Src/adc.o
 .debug_macro   0x00000000000014bb       0xfb ./Core/Src/adc.o
 .debug_macro   0x00000000000015b6     0x1305 ./Core/Src/adc.o
 .debug_macro   0x00000000000028bb      0x11f ./Core/Src/adc.o
 .debug_macro   0x00000000000029da       0x27 ./Core/Src/adc.o
 .debug_macro   0x0000000000002a01    0x258f9 ./Core/Src/adc.o
 .debug_macro   0x00000000000282fa       0x6d ./Core/Src/adc.o
 .debug_macro   0x0000000000028367     0x3d79 ./Core/Src/adc.o
 .debug_macro   0x000000000002c0e0      0x174 ./Core/Src/adc.o
 .debug_macro   0x000000000002c254       0x61 ./Core/Src/adc.o
 .debug_macro   0x000000000002c2b5       0x29 ./Core/Src/adc.o
 .debug_macro   0x000000000002c2de       0x43 ./Core/Src/adc.o
 .debug_macro   0x000000000002c321       0x34 ./Core/Src/adc.o
 .debug_macro   0x000000000002c355       0x16 ./Core/Src/adc.o
 .debug_macro   0x000000000002c36b       0x43 ./Core/Src/adc.o
 .debug_macro   0x000000000002c3ae       0x34 ./Core/Src/adc.o
 .debug_macro   0x000000000002c3e2       0x10 ./Core/Src/adc.o
 .debug_macro   0x000000000002c3f2       0x58 ./Core/Src/adc.o
 .debug_macro   0x000000000002c44a       0x8e ./Core/Src/adc.o
 .debug_macro   0x000000000002c4d8       0x1c ./Core/Src/adc.o
 .debug_macro   0x000000000002c4f4      0x177 ./Core/Src/adc.o
 .debug_macro   0x000000000002c66b      0x369 ./Core/Src/adc.o
 .debug_macro   0x000000000002c9d4      0x19b ./Core/Src/adc.o
 .debug_macro   0x000000000002cb6f       0x5d ./Core/Src/adc.o
 .debug_macro   0x000000000002cbcc     0x2382 ./Core/Src/adc.o
 .debug_macro   0x000000000002ef4e     0x102c ./Core/Src/adc.o
 .debug_macro   0x000000000002ff7a      0x154 ./Core/Src/adc.o
 .debug_macro   0x00000000000300ce      0x114 ./Core/Src/adc.o
 .debug_macro   0x00000000000301e2      0x3b6 ./Core/Src/adc.o
 .debug_macro   0x0000000000030598       0xac ./Core/Src/adc.o
 .debug_macro   0x0000000000030644      0x72d ./Core/Src/adc.o
 .debug_macro   0x0000000000030d71      0x228 ./Core/Src/adc.o
 .debug_macro   0x0000000000030f99       0x66 ./Core/Src/adc.o
 .debug_macro   0x0000000000030fff      0x3bb ./Core/Src/adc.o
 .debug_macro   0x00000000000313ba      0x3e4 ./Core/Src/adc.o
 .debug_macro   0x000000000003179e      0x275 ./Core/Src/adc.o
 .debug_macro   0x0000000000031a13     0x1044 ./Core/Src/adc.o
 .debug_macro   0x0000000000032a57      0x6cc ./Core/Src/adc.o
 .debug_macro   0x0000000000033123      0x36e ./Core/Src/adc.o
 .debug_macro   0x0000000000033491      0x3ca ./Core/Src/adc.o
 .debug_macro   0x000000000003385b      0x408 ./Core/Src/adc.o
 .debug_macro   0x0000000000033c63       0x51 ./Core/Src/adc.o
 .debug_macro   0x0000000000033cb4       0x4a ./Core/Src/adc.o
 .debug_macro   0x0000000000033cfe      0x22c ./Core/Src/adc.o
 .debug_macro   0x0000000000033f2a       0x67 ./Core/Src/adc.o
 .debug_macro   0x0000000000033f91       0xa5 ./Core/Src/adc.o
 .debug_macro   0x0000000000034036      0x1c4 ./Core/Src/adc.o
 .debug_macro   0x00000000000341fa      0x25e ./Core/Src/adc.o
 .debug_macro   0x0000000000034458       0x35 ./Core/Src/adc.o
 .debug_macro   0x000000000003448d      0xafa ./Core/Src/adc.o
 .debug_macro   0x0000000000034f87      0x29f ./Core/Src/adc.o
 .debug_macro   0x0000000000035226      0x5a0 ./Core/Src/adc.o
 .debug_macro   0x00000000000357c6       0xa0 ./Core/Src/adc.o
 .debug_macro   0x0000000000035866      0x2cf ./Core/Src/gpio.o
 .debug_macro   0x0000000000035b35      0x2f0 ./Core/Src/main.o
 .debug_macro   0x0000000000035e25       0xac ./Core/Src/main.o
 .debug_macro   0x0000000000035ed1      0x356 ./Core/Src/stepmotor_def.o
 .debug_macro   0x0000000000036227       0x10 ./Core/Src/stepmotor_def.o
 .debug_macro   0x0000000000036237       0x35 ./Core/Src/stepmotor_def.o
 .debug_macro   0x000000000003626c       0x20 ./Core/Src/stepmotor_def.o
 .debug_macro   0x000000000003628c       0x16 ./Core/Src/stepmotor_def.o
 .debug_macro   0x00000000000362a2       0x16 ./Core/Src/stepmotor_def.o
 .debug_macro   0x00000000000362b8       0x29 ./Core/Src/stepmotor_def.o
 .debug_macro   0x00000000000362e1       0xa6 ./Core/Src/stepmotor_def.o
 .debug_macro   0x0000000000036387      0x2c5 ./Core/Src/stm32h7xx_hal_msp.o
 .debug_macro   0x000000000003664c      0x2cf ./Core/Src/stm32h7xx_it.o
 .debug_macro   0x000000000003691b      0x2b6 ./Core/Src/system_stm32h7xx.o
 .debug_macro   0x0000000000036bd1      0x2cf ./Core/Src/tim.o
 .debug_macro   0x0000000000036ea0      0x2e0 ./Drivers/STM32H7xx_HAL_Driver/Src/stm32h7xx_hal.o
 .debug_macro   0x0000000000037180      0x2da ./Drivers/STM32H7xx_HAL_Driver/Src/stm32h7xx_hal_adc.o
 .debug_macro   0x000000000003745a      0x2c2 ./Drivers/STM32H7xx_HAL_Driver/Src/stm32h7xx_hal_adc_ex.o
 .debug_macro   0x000000000003771c      0x2b6 ./Drivers/STM32H7xx_HAL_Driver/Src/stm32h7xx_hal_cortex.o
 .debug_macro   0x00000000000379d2      0x2bd ./Drivers/STM32H7xx_HAL_Driver/Src/stm32h7xx_hal_gpio.o
 .debug_macro   0x0000000000037c8f      0x2ef ./Drivers/STM32H7xx_HAL_Driver/Src/stm32h7xx_hal_pwr_ex.o
 .debug_macro   0x0000000000037f7e      0x2da ./Drivers/STM32H7xx_HAL_Driver/Src/stm32h7xx_hal_rcc.o
 .debug_macro   0x0000000000038258      0x2d4 ./Drivers/STM32H7xx_HAL_Driver/Src/stm32h7xx_hal_rcc_ex.o
 .debug_macro   0x000000000003852c      0x2b7 ./Drivers/STM32H7xx_HAL_Driver/Src/stm32h7xx_hal_tim.o
 .debug_macro   0x00000000000387e3      0x2b6 ./Drivers/STM32H7xx_HAL_Driver/Src/stm32h7xx_hal_tim_ex.o

.debug_line     0x0000000000000000    0x175ba
 .debug_line    0x0000000000000000      0xa7b ./Core/Src/adc.o
 .debug_line    0x0000000000000a7b      0xa1e ./Core/Src/gpio.o
 .debug_line    0x0000000000001499      0xcaa ./Core/Src/main.o
 .debug_line    0x0000000000002143     0x11d3 ./Core/Src/stepmotor_def.o
 .debug_line    0x0000000000003316      0x9b5 ./Core/Src/stm32h7xx_hal_msp.o
 .debug_line    0x0000000000003ccb      0xaf2 ./Core/Src/stm32h7xx_it.o
 .debug_line    0x00000000000047bd      0xb65 ./Core/Src/system_stm32h7xx.o
 .debug_line    0x0000000000005322      0xbdf ./Core/Src/tim.o
 .debug_line    0x0000000000005f01       0x7a ./Core/Startup/startup_stm32h743zitx.o
 .debug_line    0x0000000000005f7b      0xf60 ./Drivers/STM32H7xx_HAL_Driver/Src/stm32h7xx_hal.o
 .debug_line    0x0000000000006edb     0x24a5 ./Drivers/STM32H7xx_HAL_Driver/Src/stm32h7xx_hal_adc.o
 .debug_line    0x0000000000009380     0x20b8 ./Drivers/STM32H7xx_HAL_Driver/Src/stm32h7xx_hal_adc_ex.o
 .debug_line    0x000000000000b438      0xf97 ./Drivers/STM32H7xx_HAL_Driver/Src/stm32h7xx_hal_cortex.o
 .debug_line    0x000000000000c3cf      0xe26 ./Drivers/STM32H7xx_HAL_Driver/Src/stm32h7xx_hal_gpio.o
 .debug_line    0x000000000000d1f5     0x1089 ./Drivers/STM32H7xx_HAL_Driver/Src/stm32h7xx_hal_pwr_ex.o
 .debug_line    0x000000000000e27e     0x1533 ./Drivers/STM32H7xx_HAL_Driver/Src/stm32h7xx_hal_rcc.o
 .debug_line    0x000000000000f7b1     0x1e2b ./Drivers/STM32H7xx_HAL_Driver/Src/stm32h7xx_hal_rcc_ex.o
 .debug_line    0x00000000000115dc     0x40d8 ./Drivers/STM32H7xx_HAL_Driver/Src/stm32h7xx_hal_tim.o
 .debug_line    0x00000000000156b4     0x1f06 ./Drivers/STM32H7xx_HAL_Driver/Src/stm32h7xx_hal_tim_ex.o

.debug_str      0x0000000000000000   0x16fba1
 .debug_str     0x0000000000000000   0x169f5c ./Core/Src/adc.o
                                     0x16a751 (size before relaxing)
 .debug_str     0x0000000000169f5c      0x832 ./Core/Src/gpio.o
                                     0x16a536 (size before relaxing)
 .debug_str     0x000000000016a78e      0xa24 ./Core/Src/main.o
                                     0x16aafb (size before relaxing)
 .debug_str     0x000000000016b1b2      0x2ec ./Core/Src/stepmotor_def.o
                                     0x16ab65 (size before relaxing)
 .debug_str     0x000000000016b49e       0x2c ./Core/Src/stm32h7xx_hal_msp.o
                                     0x169c1c (size before relaxing)
 .debug_str     0x000000000016b4ca      0x14b ./Core/Src/stm32h7xx_it.o
                                     0x16a175 (size before relaxing)
 .debug_str     0x000000000016b615      0x33a ./Core/Src/system_stm32h7xx.o
                                     0x169c4d (size before relaxing)
 .debug_str     0x000000000016b94f      0x204 ./Core/Src/tim.o
                                     0x16adb8 (size before relaxing)
 .debug_str     0x000000000016bb53       0x34 ./Core/Startup/startup_stm32h743zitx.o
                                         0x70 (size before relaxing)
 .debug_str     0x000000000016bb87      0x7ef ./Drivers/STM32H7xx_HAL_Driver/Src/stm32h7xx_hal.o
                                     0x16ab63 (size before relaxing)
 .debug_str     0x000000000016c376      0xafe ./Drivers/STM32H7xx_HAL_Driver/Src/stm32h7xx_hal_adc.o
                                     0x16a9ec (size before relaxing)
 .debug_str     0x000000000016ce74      0x7c4 ./Drivers/STM32H7xx_HAL_Driver/Src/stm32h7xx_hal_adc_ex.o
                                     0x16aa2b (size before relaxing)
 .debug_str     0x000000000016d638      0x369 ./Drivers/STM32H7xx_HAL_Driver/Src/stm32h7xx_hal_cortex.o
                                     0x16a59e (size before relaxing)
 .debug_str     0x000000000016d9a1       0xa7 ./Drivers/STM32H7xx_HAL_Driver/Src/stm32h7xx_hal_gpio.o
                                     0x169c04 (size before relaxing)
 .debug_str     0x000000000016da48      0x624 ./Drivers/STM32H7xx_HAL_Driver/Src/stm32h7xx_hal_pwr_ex.o
                                     0x16a0c5 (size before relaxing)
 .debug_str     0x000000000016e06c      0x21a ./Drivers/STM32H7xx_HAL_Driver/Src/stm32h7xx_hal_rcc.o
                                     0x169fe8 (size before relaxing)
 .debug_str     0x000000000016e286      0x630 ./Drivers/STM32H7xx_HAL_Driver/Src/stm32h7xx_hal_rcc_ex.o
                                     0x16a4c9 (size before relaxing)
 .debug_str     0x000000000016e8b6      0xd64 ./Drivers/STM32H7xx_HAL_Driver/Src/stm32h7xx_hal_tim.o
                                     0x16ad87 (size before relaxing)
 .debug_str     0x000000000016f61a      0x587 ./Drivers/STM32H7xx_HAL_Driver/Src/stm32h7xx_hal_tim_ex.o
                                     0x16a6af (size before relaxing)

.debug_frame    0x0000000000000000     0x4e20
 .debug_frame   0x0000000000000000       0x80 ./Core/Src/adc.o
 .debug_frame   0x0000000000000080       0x38 ./Core/Src/gpio.o
 .debug_frame   0x00000000000000b8       0xb4 ./Core/Src/main.o
 .debug_frame   0x000000000000016c      0x2b4 ./Core/Src/stepmotor_def.o
 .debug_frame   0x0000000000000420       0x38 ./Core/Src/stm32h7xx_hal_msp.o
 .debug_frame   0x0000000000000458      0x190 ./Core/Src/stm32h7xx_it.o
 .debug_frame   0x00000000000005e8       0x58 ./Core/Src/system_stm32h7xx.o
 .debug_frame   0x0000000000000640       0xe8 ./Core/Src/tim.o
 .debug_frame   0x0000000000000728      0x690 ./Drivers/STM32H7xx_HAL_Driver/Src/stm32h7xx_hal.o
 .debug_frame   0x0000000000000db8      0xa28 ./Drivers/STM32H7xx_HAL_Driver/Src/stm32h7xx_hal_adc.o
 .debug_frame   0x00000000000017e0      0x88c ./Drivers/STM32H7xx_HAL_Driver/Src/stm32h7xx_hal_adc_ex.o
 .debug_frame   0x000000000000206c      0x508 ./Drivers/STM32H7xx_HAL_Driver/Src/stm32h7xx_hal_cortex.o
 .debug_frame   0x0000000000002574      0x14c ./Drivers/STM32H7xx_HAL_Driver/Src/stm32h7xx_hal_gpio.o
 .debug_frame   0x00000000000026c0      0x580 ./Drivers/STM32H7xx_HAL_Driver/Src/stm32h7xx_hal_pwr_ex.o
 .debug_frame   0x0000000000002c40      0x1f8 ./Drivers/STM32H7xx_HAL_Driver/Src/stm32h7xx_hal_rcc.o
 .debug_frame   0x0000000000002e38      0x414 ./Drivers/STM32H7xx_HAL_Driver/Src/stm32h7xx_hal_rcc_ex.o
 .debug_frame   0x000000000000324c     0x121c ./Drivers/STM32H7xx_HAL_Driver/Src/stm32h7xx_hal_tim.o
 .debug_frame   0x0000000000004468      0x6d8 ./Drivers/STM32H7xx_HAL_Driver/Src/stm32h7xx_hal_tim_ex.o
 .debug_frame   0x0000000000004b40      0x144 C:/Users/15136/STM32Cube/STM32CubeIDE_1.14.1/STM32CubeIDE/plugins/com.st.stm32cube.ide.mcu.externaltools.gnu-tools-for-stm32.11.3.rel1.win32_1.1.100.202309141235/tools/bin/../lib/gcc/arm-none-eabi/11.3.1/../../../../arm-none-eabi/lib/thumb/v7e-m+dp/hard\libc_nano.a(libc_a-findfp.o)
 .debug_frame   0x0000000000004c84       0x20 C:/Users/15136/STM32Cube/STM32CubeIDE_1.14.1/STM32CubeIDE/plugins/com.st.stm32cube.ide.mcu.externaltools.gnu-tools-for-stm32.11.3.rel1.win32_1.1.100.202309141235/tools/bin/../lib/gcc/arm-none-eabi/11.3.1/../../../../arm-none-eabi/lib/thumb/v7e-m+dp/hard\libc_nano.a(libc_a-memset.o)
 .debug_frame   0x0000000000004ca4       0x20 C:/Users/15136/STM32Cube/STM32CubeIDE_1.14.1/STM32CubeIDE/plugins/com.st.stm32cube.ide.mcu.externaltools.gnu-tools-for-stm32.11.3.rel1.win32_1.1.100.202309141235/tools/bin/../lib/gcc/arm-none-eabi/11.3.1/../../../../arm-none-eabi/lib/thumb/v7e-m+dp/hard\libc_nano.a(libc_a-errno.o)
 .debug_frame   0x0000000000004cc4       0x2c C:/Users/15136/STM32Cube/STM32CubeIDE_1.14.1/STM32CubeIDE/plugins/com.st.stm32cube.ide.mcu.externaltools.gnu-tools-for-stm32.11.3.rel1.win32_1.1.100.202309141235/tools/bin/../lib/gcc/arm-none-eabi/11.3.1/../../../../arm-none-eabi/lib/thumb/v7e-m+dp/hard\libc_nano.a(libc_a-init.o)
 .debug_frame   0x0000000000004cf0       0x70 C:/Users/15136/STM32Cube/STM32CubeIDE_1.14.1/STM32CubeIDE/plugins/com.st.stm32cube.ide.mcu.externaltools.gnu-tools-for-stm32.11.3.rel1.win32_1.1.100.202309141235/tools/bin/../lib/gcc/arm-none-eabi/11.3.1/../../../../arm-none-eabi/lib/thumb/v7e-m+dp/hard\libm.a(libm_a-exp.o)
 .debug_frame   0x0000000000004d60       0xc0 C:/Users/15136/STM32Cube/STM32CubeIDE_1.14.1/STM32CubeIDE/plugins/com.st.stm32cube.ide.mcu.externaltools.gnu-tools-for-stm32.11.3.rel1.win32_1.1.100.202309141235/tools/bin/../lib/gcc/arm-none-eabi/11.3.1/../../../../arm-none-eabi/lib/thumb/v7e-m+dp/hard\libm.a(libm_a-math_err.o)

.debug_line_str
                0x0000000000000000       0x64
 .debug_line_str
                0x0000000000000000       0x64 ./Core/Startup/startup_stm32h743zitx.o
                                         0x7c (size before relaxing)
