../Core/Src/stepmotor_def.c:26:6:step_init_info	16	static
../Core/Src/stepmotor_def.c:47:6:cnt_array_init	80	static
../Core/Src/stepmotor_def.c:63:6:step_move	32	static
../Core/Src/stepmotor_def.c:82:6:xstep_circle_handler	24	static
../Core/Src/stepmotor_def.c:88:6:ystep_circle_handler	24	static
../Core/Src/stepmotor_def.c:94:6:xstep_move_handler	32	static
../Core/Src/stepmotor_def.c:121:6:ystep_move_handler	32	static
../Core/Src/stepmotor_def.c:148:6:calibrate_xymotor	24	static
../Core/Src/stepmotor_def.c:171:6:calibrate_pen	16	static
../Core/Src/stepmotor_def.c:200:6:pen_down	8	static
../Core/Src/stepmotor_def.c:209:6:pen_up	8	static
../Core/Src/stepmotor_def.c:222:6:line_move	56	static
../Core/Src/stepmotor_def.c:264:6:circle_move	16	static
../Core/Src/stepmotor_def.c:327:13:enable_timx_stop_timy	4	static
../Core/Src/stepmotor_def.c:335:13:enable_timy_stop_timx	4	static
../Core/Src/stepmotor_def.c:343:6:circle_move_method2	24	static
../Core/Src/stepmotor_def.c:427:6:circle_handler_method2	8	static
../Core/Src/stepmotor_def.c:489:6:line_move_method2	56	static
